Archive member included to satisfy reference by file (symbol)

/data/riotbuild/riotproject/bin/esp32_ttgo_lora_v1/core.a(sched.o)
                              /data/riotbuild/riotproject/bin/esp32_ttgo_lora_v1/newlib_syscalls_default/syscalls.o (sched_active_pid)
/data/riotbuild/riotproject/bin/esp32_ttgo_lora_v1/cpu.a(syscalls.o)
                              (putchar)
/data/riotbuild/riotproject/bin/esp32_ttgo_lora_v1/cpu.a(log_module.o)
                              /data/riotbuild/riotproject/bin/esp32_ttgo_lora_v1/newlib_syscalls_default/syscalls.o (log_write_tagged)
/data/riotbuild/riotproject/bin/esp32_ttgo_lora_v1/cpu.a(irq_arch.o)
                              /data/riotbuild/riotproject/bin/esp32_ttgo_lora_v1/newlib_syscalls_default/syscalls.o (irq_disable)
/data/riotbuild/riotproject/bin/esp32_ttgo_lora_v1/cpu.a(thread_arch.o)
                              /data/riotbuild/riotproject/bin/esp32_ttgo_lora_v1/core.a(sched.o) (thread_yield_higher)
/data/riotbuild/riotproject/bin/esp32_ttgo_lora_v1/cpu.a(startup.o)
                              (call_start_cpu0)
/data/riotbuild/riotproject/bin/esp32_ttgo_lora_v1/cpu.a(esp_events.o)
                              /data/riotbuild/riotproject/bin/esp32_ttgo_lora_v1/cpu.a(startup.o) (esp_event_handler_init)
/data/riotbuild/riotproject/bin/esp32_ttgo_lora_v1/cpu.a(exceptions.o)
                              /data/riotbuild/riotproject/bin/esp32_ttgo_lora_v1/cpu.a(startup.o) (init_exceptions)
/data/riotbuild/riotproject/bin/esp32_ttgo_lora_v1/cpu.a(tools.o)
                              /data/riotbuild/riotproject/bin/esp32_ttgo_lora_v1/cpu.a(thread_arch.o) (esp_hexdump)
/data/riotbuild/riotproject/bin/esp32_ttgo_lora_v1/div.a(div.o)
                              /data/riotbuild/riotproject/bin/esp32_ttgo_lora_v1/newlib_syscalls_default/syscalls.o (_div_mulhi64)
/data/riotbuild/riotproject/bin/esp32_ttgo_lora_v1/esp_idf.a(esp_funcs.o)
                              /data/riotbuild/riotproject/bin/esp32_ttgo_lora_v1/cpu.a(startup.o) (esp_reent_init)
/data/riotbuild/riotproject/bin/esp32_ttgo_lora_v1/esp_idf_esp32.a(clk.o)
                              /data/riotbuild/riotproject/bin/esp32_ttgo_lora_v1/cpu.a(startup.o) (esp_clk_slowclk_cal_get)
/data/riotbuild/riotproject/bin/esp32_ttgo_lora_v1/esp_idf_esp32.a(dport_access.o)
                              /data/riotbuild/riotproject/bin/esp32_ttgo_lora_v1/esp_idf.a(esp_funcs.o) (esp_dport_access_int_abort)
/data/riotbuild/riotproject/bin/esp32_ttgo_lora_v1/esp_idf_soc.a(cpu_util.o)
                              /data/riotbuild/riotproject/bin/esp32_ttgo_lora_v1/esp_idf.a(esp_funcs.o) (esp_cpu_stall)
/data/riotbuild/riotproject/bin/esp32_ttgo_lora_v1/esp_idf_soc.a(rtc_time.o)
                              /data/riotbuild/riotproject/bin/esp32_ttgo_lora_v1/esp_idf_esp32.a(clk.o) (rtc_clk_cal)
/data/riotbuild/riotproject/bin/esp32_ttgo_lora_v1/esp_idf_soc.a(rtc_init.o)
                              /data/riotbuild/riotproject/bin/esp32_ttgo_lora_v1/cpu.a(startup.o) (rtc_init_module)
/data/riotbuild/riotproject/bin/esp32_ttgo_lora_v1/esp_idf_soc.a(rtc_clk.o)
                              /data/riotbuild/riotproject/bin/esp32_ttgo_lora_v1/esp_idf_esp32.a(clk.o) (rtc_clk_32k_enable)
/data/riotbuild/riotproject/bin/esp32_ttgo_lora_v1/periph.a(cpuid.o)
                              /data/riotbuild/riotproject/bin/esp32_ttgo_lora_v1/cpu.a(startup.o) (cpuid_get)
/data/riotbuild/riotproject/bin/esp32_ttgo_lora_v1/periph.a(uart.o)
                              /data/riotbuild/riotproject/bin/esp32_ttgo_lora_v1/cpu.a(startup.o) (uart_system_init)
/data/riotbuild/riotproject/bin/esp32_ttgo_lora_v1/periph.a(pm.o)
                              /data/riotbuild/riotproject/bin/esp32_ttgo_lora_v1/newlib_syscalls_default/syscalls.o (pm_off)
/data/riotbuild/riotproject/bin/esp32_ttgo_lora_v1/periph.a(gpio.o)
                              /data/riotbuild/riotproject/bin/esp32_ttgo_lora_v1/periph.a(uart.o) (gpio_init)
/data/riotbuild/riotproject/bin/esp32_ttgo_lora_v1/periph.a(hwrng.o)
                              /data/riotbuild/riotproject/bin/esp32_ttgo_lora_v1/esp_idf.a(esp_funcs.o) (hwrng_read)
/data/riotbuild/riotproject/bin/esp32_ttgo_lora_v1/periph.a(rtc.o)
                              /data/riotbuild/riotproject/bin/esp32_ttgo_lora_v1/cpu.a(startup.o) (rtc_init)
/data/riotbuild/riotproject/bin/esp32_ttgo_lora_v1/periph.a(adc.o)
                              /data/riotbuild/riotproject/bin/esp32_ttgo_lora_v1/periph.a(gpio.o) (rtcio_config_sleep_mode)
/data/riotbuild/riotproject/bin/esp32_ttgo_lora_v1/ps.a(ps.o)
                              /data/riotbuild/riotproject/bin/esp32_ttgo_lora_v1/cpu.a(exceptions.o) (ps)
/data/riotbuild/riotproject/bin/esp32_ttgo_lora_v1/stdio_uart.a(stdio_uart.o)
                              /data/riotbuild/riotproject/bin/esp32_ttgo_lora_v1/newlib_syscalls_default/syscalls.o (stdio_init)
/data/riotbuild/riotproject/bin/esp32_ttgo_lora_v1/xtensa.a(xtensa_intr.o)
[...]
Memory Configuration

Name             Origin             Length             Attributes
iram0_0_seg      0x0000000040080000 0x0000000000020000 xr
iram0_2_seg      0x00000000400d0018 0x000000000032ffe8 xr
dram0_0_seg      0x000000003ffb0000 0x000000000002c200 rw
drom0_0_seg      0x000000003f400018 0x00000000003fffe8 r
rtc_iram_seg     0x00000000400c0000 0x0000000000002000 xrw
rtc_slow_seg     0x0000000050000000 0x0000000000001000 rw
*default*        0x0000000000000000 0xffffffffffffffff

Linker script and memory map

LOAD /data/riotbuild/riotproject/bin/esp32_ttgo_lora_v1/newlib_syscalls_default/syscalls.o
START GROUP
LOAD /data/riotbuild/riotproject/bin/esp32_ttgo_lora_v1/application_ttgo_oled_test.a
LOAD /data/riotbuild/riotproject/bin/esp32_ttgo_lora_v1/auto_init.a
LOAD /data/riotbuild/riotproject/bin/esp32_ttgo_lora_v1/board.a
LOAD /data/riotbuild/riotproject/bin/esp32_ttgo_lora_v1/boards_common_esp32.a
LOAD /data/riotbuild/riotproject/bin/esp32_ttgo_lora_v1/core.a
LOAD /data/riotbuild/riotproject/bin/esp32_ttgo_lora_v1/cpu.a
LOAD /data/riotbuild/riotproject/bin/esp32_ttgo_lora_v1/div.a
LOAD /data/riotbuild/riotproject/bin/esp32_ttgo_lora_v1/esp_idf.a
LOAD /data/riotbuild/riotproject/bin/esp32_ttgo_lora_v1/esp_idf_driver.a
LOAD /data/riotbuild/riotproject/bin/esp32_ttgo_lora_v1/esp_idf_esp32.a
LOAD /data/riotbuild/riotproject/bin/esp32_ttgo_lora_v1/esp_idf_soc.a
LOAD /data/riotbuild/riotproject/bin/esp32_ttgo_lora_v1/isrpipe.a
LOAD /data/riotbuild/riotproject/bin/esp32_ttgo_lora_v1/luid.a
LOAD /data/riotbuild/riotproject/bin/esp32_ttgo_lora_v1/newlib_syscalls_default.a
LOAD /data/riotbuild/riotproject/bin/esp32_ttgo_lora_v1/periph.a
LOAD /data/riotbuild/riotproject/bin/esp32_ttgo_lora_v1/ps.a
LOAD /data/riotbuild/riotproject/bin/esp32_ttgo_lora_v1/random.a
LOAD /data/riotbuild/riotproject/bin/esp32_ttgo_lora_v1/shell.a
LOAD /data/riotbuild/riotproject/bin/esp32_ttgo_lora_v1/shell_commands.a
LOAD /data/riotbuild/riotproject/bin/esp32_ttgo_lora_v1/stdio_uart.a
LOAD /data/riotbuild/riotproject/bin/esp32_ttgo_lora_v1/sys.a
LOAD /data/riotbuild/riotproject/bin/esp32_ttgo_lora_v1/tinymt32.a
LOAD /data/riotbuild/riotproject/bin/esp32_ttgo_lora_v1/tsrb.a
LOAD /data/riotbuild/riotproject/bin/esp32_ttgo_lora_v1/u8g2.a
LOAD /data/riotbuild/riotproject/bin/esp32_ttgo_lora_v1/xtensa.a
LOAD /data/riotbuild/riotproject/bin/esp32_ttgo_lora_v1/xtimer.a
LOAD /data/riotbuild/riotproject/bin/esp32_ttgo_lora_v1/periph_common.a
LOAD /opt/esp/xtensa-esp32-elf/bin/../lib/gcc/xtensa-esp32-elf/5.2.0/../../../../xtensa-esp32-elf/lib/libm.a
END GROUP
LOAD /opt/esp/esp-idf/components/esp32/libhal.a
LOAD /opt/esp/xtensa-esp32-elf/bin/../lib/gcc/xtensa-esp32-elf/5.2.0/../../../../xtensa-esp32-elf/lib/libg.a
LOAD /opt/esp/xtensa-esp32-elf/bin/../lib/gcc/xtensa-esp32-elf/5.2.0/../../../../xtensa-esp32-elf/lib/libc.a
LOAD /opt/esp/xtensa-esp32-elf/bin/../lib/gcc/xtensa-esp32-elf/5.2.0/libgcc.a

.rtc.text       0x00000000400c0000        0x0
                0x00000000400c0000                . = ALIGN (0x4)
 *(.rtc.literal .rtc.text)
 *rtc_wake_stub*.o(.literal .text .literal.* .text.*)

.rtc.bss        0x0000000050000000       0x28
                0x0000000050000000                _rtc_bss_start = ABSOLUTE (.)
 *rtc_wake_stub*.o(.bss .bss.*)
 *rtc_wake_stub*.o(COMMON)
                0x0000000050000000                _rtc_bss_end = ABSOLUTE (.)
                0x0000000050000000                _rtc_bss_rtc_start = ABSOLUTE (.)
 *(.rtc.bss .rtc.bss.*)
 .rtc.bss       0x0000000050000000       0x28 /data/riotbuild/riotproject/bin/esp32_ttgo_lora_v1/periph.a(rtc.o)
                0x0000000050000028                _rtc_bss_rtc_end = ABSOLUTE (.)

.rtc.data       0x0000000050000028        0x0
                0x0000000050000028                _rtc_data_start = ABSOLUTE (.)
 *(.rtc.data)
 *(.rtc.rodata)
 *rtc_wake_stub*.o(.data .rodata .data.* .rodata.* .bss .bss.*)
                0x0000000050000028                _rtc_data_end = ABSOLUTE (.)

.iram0.vectors  0x0000000040080000      0x400
                0x0000000040080000                _init_start = ABSOLUTE (.)
                0x0000000000000000                . = 0x0
 *(.WindowVectors.text)
 .WindowVectors.text
                0x0000000040080000      0x16a /data/riotbuild/riotproject/bin/esp32_ttgo_lora_v1/xtensa.a(xtensa_vectors.o)
                0x0000000040080000                _WindowOverflow4
                0x0000000040080040                _WindowUnderflow4
                0x0000000040080050                _xt_alloca_exc
                0x0000000040080080                _WindowOverflow8
                0x00000000400800c0                _WindowUnderflow8
                0x0000000040080100                _WindowOverflow12
                0x0000000040080140                _WindowUnderflow12
                0x0000000000000180                . = 0x180
 *fill*         0x000000004008016a       0x16 
 *(.Level2InterruptVector.text)
 .Level2InterruptVector.text
                0x0000000040080180        0x6 /data/riotbuild/riotproject/bin/esp32_ttgo_lora_v1/xtensa.a(xtensa_vectors.o)
                                          0xd (size before relaxing)
                0x0000000040080180                _Level2Vector
                0x00000000000001c0                . = 0x1c0
 *fill*         0x0000000040080186       0x3a 
 *(.Level3InterruptVector.text)
 .Level3InterruptVector.text
                0x00000000400801c0        0x6 /data/riotbuild/riotproject/bin/esp32_ttgo_lora_v1/xtensa.a(xtensa_vectors.o)
                                          0xd (size before relaxing)
                0x00000000400801c0                _Level3Vector
                0x0000000000000200                . = 0x200
 *fill*         0x00000000400801c6       0x3a 
 *(.Level4InterruptVector.text)
 .Level4InterruptVector.text
                0x0000000040080200        0x6 /data/riotbuild/riotproject/bin/esp32_ttgo_lora_v1/xtensa.a(xtensa_vectors.o)
                                          0xd (size before relaxing)
                0x0000000040080200                _Level4Vector
                0x0000000000000240                . = 0x240
 *fill*         0x0000000040080206       0x3a 
 *(.Level5InterruptVector.text)
 .Level5InterruptVector.text
                0x0000000040080240        0x6 /data/riotbuild/riotproject/bin/esp32_ttgo_lora_v1/xtensa.a(xtensa_vectors.o)
                                          0xd (size before relaxing)
                0x0000000040080240                _Level5Vector
                0x0000000000000280                . = 0x280
 *fill*         0x0000000040080246       0x3a 
 **(.DebugExceptionVector.text)
 .DebugExceptionVector.text
                0x0000000040080280        0x9 /data/riotbuild/riotproject/bin/esp32_ttgo_lora_v1/xtensa.a(xtensa_vectors.o)
                                         0x10 (size before relaxing)
                0x0000000040080280                _DebugExceptionVector
                0x00000000000002c0                . = 0x2c0
 *fill*         0x0000000040080289       0x37 
 *(.NMIExceptionVector.text)
 .NMIExceptionVector.text
                0x00000000400802c0        0x6 /data/riotbuild/riotproject/bin/esp32_ttgo_lora_v1/xtensa.a(xtensa_vectors.o)
                                          0xd (size before relaxing)
                0x00000000400802c0                _NMIExceptionVector
                0x0000000000000300                . = 0x300
 *fill*         0x00000000400802c6       0x3a 
 *(.KernelExceptionVector.text)
 .KernelExceptionVector.text
                0x0000000040080300        0x6 /data/riotbuild/riotproject/bin/esp32_ttgo_lora_v1/xtensa.a(xtensa_vectors.o)
                                          0xd (size before relaxing)
                0x0000000040080300                _KernelExceptionVector
                0x0000000000000340                . = 0x340
 *fill*         0x0000000040080306       0x3a 
 *(.UserExceptionVector.text)
 .UserExceptionVector.text
                0x0000000040080340        0x6 /data/riotbuild/riotproject/bin/esp32_ttgo_lora_v1/xtensa.a(xtensa_vectors.o)
                                          0xd (size before relaxing)
                0x0000000040080340                _UserExceptionVector
                0x00000000000003c0                . = 0x3c0
 *fill*         0x0000000040080346       0x7a 
 *(.DoubleExceptionVector.text)
 .DoubleExceptionVector.text
                0x00000000400803c0        0x9 /data/riotbuild/riotproject/bin/esp32_ttgo_lora_v1/xtensa.a(xtensa_vectors.o)
                                         0x10 (size before relaxing)
                0x00000000400803c0                _DoubleExceptionVector
                0x0000000000000400                . = 0x400
 *fill*         0x00000000400803c9       0x37 
 *(.*Vector.literal)
 *(.UserEnter.literal)
 *(.UserEnter.text)
                0x0000000040080400                . = ALIGN (0x10)
 *(.entry.text)
 *(.init.literal)
 *(.init)
                0x0000000040080400                _init_end = ABSOLUTE (.)
                0x0000000000000000                _iram_start = 0x0

.iram0.text     0x0000000040080400     0x7717
                0x0000000040080400                _iram_text_start = ABSOLUTE (.)
 *(.iram1 .iram1.*)
 .iram1.text    0x0000000040080400      0x35c /data/riotbuild/riotproject/bin/esp32_ttgo_lora_v1/cpu.a(syscalls.o)
                                        0x3ec (size before relaxing)
                0x0000000040080404                _lock_close_recursive
                0x000000004008041c                _lock_close
                0x000000004008042c                _lock_acquire
                0x0000000040080454                _lock_try_acquire_recursive
                0x0000000040080484                _lock_acquire_recursive
                0x00000000400804ac                _lock_try_acquire
                0x00000000400804dc                _lock_release
                0x0000000040080504                _lock_release_recursive
                0x000000004008052c                _lock_init
                0x000000004008055c                _lock_init_recursive
                0x0000000040080590                putchar
                0x00000000400805a8                getchar
                0x00000000400805c8                puts
                0x00000000400805e8                printf
                0x0000000040080620                heap_caps_malloc
                0x000000004008062c                heap_caps_calloc
                0x0000000040080640                heap_caps_realloc
                0x0000000040080660                get_free_heap_size
                0x0000000040080660                esp_get_free_heap_size
                0x00000000400806a8                syscalls_init
                0x000000004008071c                system_wdt_feed
 .iram1.text    0x000000004008075c       0x3d /data/riotbuild/riotproject/bin/esp32_ttgo_lora_v1/cpu.a(irq_arch.o)
                0x000000004008075c                irq_disable
                0x0000000040080768                irq_enable
                0x0000000040080778                irq_restore
                0x000000004008078c                irq_is_in
 *fill*         0x0000000040080799        0x3 
 .iram1         0x000000004008079c       0x16 /data/riotbuild/riotproject/bin/esp32_ttgo_lora_v1/cpu.a(thread_arch.o)
                                         0x1e (size before relaxing)
                0x00000000400807a0                thread_yield_isr
 *fill*         0x00000000400807b2        0x2 
 .iram1.text    0x00000000400807b4      0x34f /data/riotbuild/riotproject/bin/esp32_ttgo_lora_v1/cpu.a(startup.o)
                                        0x4d3 (size before relaxing)
                0x000000004008084c                call_start_cpu0
 *fill*         0x0000000040080b03        0x1 
 .iram1.text    0x0000000040080b04      0x242 /data/riotbuild/riotproject/bin/esp32_ttgo_lora_v1/cpu.a(exceptions.o)
                                        0x2fe (size before relaxing)
                0x0000000040080b88                exception_handler
                0x0000000040080d24                panic_arch
 *fill*         0x0000000040080d46        0x2 
 .iram1         0x0000000040080d48      0x297 /data/riotbuild/riotproject/bin/esp32_ttgo_lora_v1/esp_idf.a(esp_funcs.o)
                                        0x317 (size before relaxing)
                0x0000000040080d50                esp_reent_init
                0x0000000040080da0                esp_panic_wdt_stop
                0x0000000040080de8                esp_log_timestamp
                0x0000000040080e00                esp_log_write
                0x0000000040080eb0                esp_restart_noos
 *fill*         0x0000000040080fdf        0x1 
 .iram1         0x0000000040080fe0       0x53 /data/riotbuild/riotproject/bin/esp32_ttgo_lora_v1/esp_idf_esp32.a(clk.o)
                                         0x63 (size before relaxing)
                0x0000000040080fe4                esp_clk_slowclk_cal_set
                0x0000000040080ff8                esp_clk_cpu_freq
                0x0000000040081008                esp_clk_apb_freq
                0x0000000040081024                ets_update_cpu_frequency
 *fill*         0x0000000040081033        0x1 
 .iram1         0x0000000040081034      0x107 /data/riotbuild/riotproject/bin/esp32_ttgo_lora_v1/esp_idf_soc.a(cpu_util.o)
                                        0x11b (size before relaxing)
                0x000000004008104c                esp_cpu_stall
                0x00000000400810d0                esp_cpu_unstall
                0x0000000040081114                esp_cpu_reset
                0x0000000040081134                esp_cpu_in_ocd_debug_mode
 *fill*         0x000000004008113b        0x1 
 .iram1.text    0x000000004008113c       0x5c /data/riotbuild/riotproject/bin/esp32_ttgo_lora_v1/periph.a(uart.o)
 .iram1         0x0000000040081198      0x183 /data/riotbuild/riotproject/bin/esp32_ttgo_lora_v1/periph.a(pm.o)
                                        0x1bf (size before relaxing)
                0x00000000400811f4                pm_off
 *fill*         0x000000004008131b        0x1 
 .iram1         0x000000004008131c       0x6e /data/riotbuild/riotproject/bin/esp32_ttgo_lora_v1/periph.a(rtc.o)
                                         0x72 (size before relaxing)
 *fill*         0x000000004008138a        0x2 
 .iram1         0x000000004008138c      0x3c4 /data/riotbuild/riotproject/bin/esp32_ttgo_lora_v1/periph.a(spi.o)
                                        0x43c (size before relaxing)
                0x0000000040081444                spi_init
                0x00000000400814c0                spi_release
                0x000000004008150c                spi_acquire
                0x00000000400816ac                spi_transfer_bytes
 .iram1.text    0x0000000040081750      0x15a /data/riotbuild/riotproject/bin/esp32_ttgo_lora_v1/periph.a(timer.o)
                                        0x182 (size before relaxing)
                0x0000000040081758                hw_timer_handler
                0x00000000400817ac                timer_set
                0x0000000040081834                timer_read
                0x0000000040081854                timer_set_absolute
                0x000000004008186c                timer_start
                0x000000004008188c                timer_stop
 *fill*         0x00000000400818aa        0x0 
 *fill*         0x00000000400818aa        0x0 
 *fill*         0x00000000400818aa        0x0 
 *fill*         0x00000000400818aa        0x0 
 *fill*         0x00000000400818aa        0x0 
 *fill*         0x00000000400818aa        0x2 
 .iram1         0x00000000400818ac       0x6e /data/riotbuild/riotproject/bin/esp32_ttgo_lora_v1/esp_idf_esp32.a(dport_access.o)
                0x00000000400818ac                esp_dport_access_stall_other_cpu_start
                0x00000000400818b4                esp_dport_access_stall_other_cpu_end
                0x00000000400818bc                esp_dport_access_stall_other_cpu_start_wrap
                0x00000000400818c4                esp_dport_access_stall_other_cpu_end_wrap
                0x00000000400818cc                esp_dport_access_int_pause
                0x00000000400818d4                esp_dport_access_int_abort
                0x00000000400818dc                esp_dport_access_int_resume
                0x00000000400818e4                esp_dport_access_read_buffer
                0x0000000040081904                esp_dport_access_reg_read
                0x0000000040081910                esp_dport_access_sequence_reg_read
 *fill*         0x000000004008191a        0x0 
 *fill*         0x000000004008191a        0x0 
 *fill*         0x000000004008191a        0x0 
 *fill*         0x000000004008191a        0x0 
 *libhal.a:(.literal .text .literal.* .text.*)
 *fill*         0x000000004008191a        0x2 
 .literal       0x000000004008191c        0x4 /opt/esp/esp-idf/components/esp32/libhal.a(windowspill_asm.o)
 .literal       0x0000000040081920        0x0 /opt/esp/xtensa-esp32-elf/bin/../lib/gcc/xtensa-esp32-elf/5.2.0/../../../../xtensa-esp32-elf/lib/libg.a(lib_a-atoi.o)
                                          0x8 (size before relaxing)
 .literal       0x0000000040081920        0x4 /opt/esp/xtensa-esp32-elf/bin/../lib/gcc/xtensa-esp32-elf/5.2.0/../../../../xtensa-esp32-elf/lib/libg.a(lib_a-strtol.o)
                                         0x10 (size before relaxing)
 .literal       0x0000000040081924        0x8 /opt/esp/xtensa-esp32-elf/bin/../lib/gcc/xtensa-esp32-elf/5.2.0/../../../../xtensa-esp32-elf/lib/libg.a(lib_a-fflush.o)
                                         0x44 (size before relaxing)
 .literal       0x000000004008192c       0x10 /opt/esp/xtensa-esp32-elf/bin/../lib/gcc/xtensa-esp32-elf/5.2.0/../../../../xtensa-esp32-elf/lib/libg.a(lib_a-s_fpclassify.o)
                                         0x18 (size before relaxing)
 .literal       0x000000004008193c       0x18 /opt/esp/xtensa-esp32-elf/bin/../lib/gcc/xtensa-esp32-elf/5.2.0/../../../../xtensa-esp32-elf/lib/libg.a(lib_a-locale.o)
                                         0x30 (size before relaxing)
 .literal       0x0000000040081954        0x0 /opt/esp/xtensa-esp32-elf/bin/../lib/gcc/xtensa-esp32-elf/5.2.0/../../../../xtensa-esp32-elf/lib/libg.a(lib_a-lcltime.o)
                                          0xc (size before relaxing)
 .literal       0x0000000040081954       0x10 /opt/esp/xtensa-esp32-elf/bin/../lib/gcc/xtensa-esp32-elf/5.2.0/../../../../xtensa-esp32-elf/lib/libg.a(lib_a-lcltime_r.o)
                                         0x28 (size before relaxing)
 .literal       0x0000000040081964       0x2c /opt/esp/xtensa-esp32-elf/bin/../lib/gcc/xtensa-esp32-elf/5.2.0/../../../../xtensa-esp32-elf/lib/libg.a(lib_a-gmtime_r.o)
                                         0x34 (size before relaxing)
 .literal       0x0000000040081990       0x10 /opt/esp/xtensa-esp32-elf/bin/../lib/gcc/xtensa-esp32-elf/5.2.0/../../../../xtensa-esp32-elf/lib/libg.a(lib_a-mktime.o)
                                         0x44 (size before relaxing)
 .literal       0x00000000400819a0        0x4 /opt/esp/xtensa-esp32-elf/bin/../lib/gcc/xtensa-esp32-elf/5.2.0/../../../../xtensa-esp32-elf/lib/libg.a(lib_a-gettzinfo.o)
 .literal       0x00000000400819a4        0x0 /opt/esp/xtensa-esp32-elf/bin/../lib/gcc/xtensa-esp32-elf/5.2.0/../../../../xtensa-esp32-elf/lib/libg.a(lib_a-fclose.o)
                                         0x44 (size before relaxing)
 .literal       0x00000000400819a4       0x24 /opt/esp/xtensa-esp32-elf/bin/../lib/gcc/xtensa-esp32-elf/5.2.0/../../../../xtensa-esp32-elf/lib/libg.a(lib_a-rand.o)
                                         0x54 (size before relaxing)
 .literal       0x00000000400819c8       0x14 /opt/esp/xtensa-esp32-elf/bin/../lib/gcc/xtensa-esp32-elf/5.2.0/../../../../xtensa-esp32-elf/lib/libg.a(lib_a-strcmp.o)
                                         0x1c (size before relaxing)
 .literal       0x00000000400819dc        0x0 /opt/esp/xtensa-esp32-elf/bin/../lib/gcc/xtensa-esp32-elf/5.2.0/../../../../xtensa-esp32-elf/lib/libg.a(lib_a-strlen.o)
                                          0xc (size before relaxing)
 .literal       0x00000000400819dc        0x0 /opt/esp/xtensa-esp32-elf/bin/../lib/gcc/xtensa-esp32-elf/5.2.0/../../../../xtensa-esp32-elf/lib/libg.a(lib_a-strncpy.o)
                                          0xc (size before relaxing)
 .literal       0x00000000400819dc        0x0 /opt/esp/xtensa-esp32-elf/bin/../lib/gcc/xtensa-esp32-elf/5.2.0/../../../../xtensa-esp32-elf/lib/libg.a(lib_a-strrchr.o)
                                          0x8 (size before relaxing)
 .literal       0x00000000400819dc        0x4 /opt/esp/xtensa-esp32-elf/bin/../lib/gcc/xtensa-esp32-elf/5.2.0/../../../../xtensa-esp32-elf/lib/libg.a(lib_a-stdio.o)
                                         0x24 (size before relaxing)
 .literal       0x00000000400819e0        0x4 /opt/esp/xtensa-esp32-elf/bin/../lib/gcc/xtensa-esp32-elf/5.2.0/../../../../xtensa-esp32-elf/lib/libg.a(lib_a-tzcalc_limits.o)
                                         0x18 (size before relaxing)
 .literal       0x00000000400819e4       0x24 /opt/esp/xtensa-esp32-elf/bin/../lib/gcc/xtensa-esp32-elf/5.2.0/../../../../xtensa-esp32-elf/lib/libg.a(lib_a-findfp.o)
                                         0x90 (size before relaxing)
 .literal       0x0000000040081a08        0x4 /opt/esp/xtensa-esp32-elf/bin/../lib/gcc/xtensa-esp32-elf/5.2.0/../../../../xtensa-esp32-elf/lib/libg.a(lib_a-mlock.o)
                                         0x10 (size before relaxing)
 .literal       0x0000000040081a0c        0x4 /opt/esp/xtensa-esp32-elf/bin/../lib/gcc/xtensa-esp32-elf/5.2.0/../../../../xtensa-esp32-elf/lib/libg.a(lib_a-tzlock.o)
                                         0x10 (size before relaxing)
 .text          0x0000000040081a10      0x137 /opt/esp/esp-idf/components/esp32/libhal.a(windowspill_asm.o)
                0x0000000040081a10                xthal_window_spill_nw
                0x0000000040081a10                xthal_spill_registers_into_stack_nw
                0x0000000040081b24                xthal_window_spill
 *fill*         0x0000000040081b47        0x0 
 *fill*         0x0000000040081b47        0x1 
 .text          0x0000000040081b48       0x3e /opt/esp/esp-idf/components/esp32/libhal.a(state_asm--restore_extra_nw.o)
                0x0000000040081b48                xthal_restore_extra_nw
 *fill*         0x0000000040081b86        0x2 
 .text          0x0000000040081b88       0x3e /opt/esp/esp-idf/components/esp32/libhal.a(state_asm--save_extra_nw.o)
                0x0000000040081b88                xthal_save_extra_nw
 *libgcc.a:lib2funcs.o(.literal .text .literal.* .text.*)
 *libgcov.a:(.literal .text .literal.* .text.*)
 *xtensa.a:*(.literal .text .literal.* .text.*)
 *fill*         0x0000000040081bc6        0x2 
 .text          0x0000000040081bc8       0x7a /data/riotbuild/riotproject/bin/esp32_ttgo_lora_v1/xtensa.a(xtensa_intr.o)
                                         0x8a (size before relaxing)
                0x0000000040081bc8                xt_unhandled_interrupt
                0x0000000040081bd0                xt_unhandled_exception
                0x0000000040081be0                xt_set_exception_handler
                0x0000000040081c0c                xt_set_interrupt_handler
 *fill*         0x0000000040081c42        0x2 
 .text          0x0000000040081c44      0x13e /data/riotbuild/riotproject/bin/esp32_ttgo_lora_v1/xtensa.a(portasm.o)
                                        0x196 (size before relaxing)
                0x0000000040081c50                _frxt_setup_switch
                0x0000000040081c5c                _frxt_int_enter
                0x0000000040081c8c                _frxt_int_exit
                0x0000000040081cc4                _frxt_timer_int
                0x0000000040081ccc                _frxt_dispatch
                0x0000000040081d08                vPortYield
                0x0000000040081d4c                vPortYieldFromInt
                0x0000000040081d64                _frxt_task_coproc_state
 *fill*         0x0000000040081d82        0x2 
 .text          0x0000000040081d84      0x45e /data/riotbuild/riotproject/bin/esp32_ttgo_lora_v1/xtensa.a(xtensa_vectors.o)
                                        0x4d2 (size before relaxing)
                0x0000000040081d84                _xt_panic
                0x0000000040081e64                _xt_user_exit
                0x0000000040082124                _xt_medint2_exit
                0x00000000400821b8                _xt_medint3_exit
 *fill*         0x00000000400821e2        0x2 
 .text          0x00000000400821e4       0x4c /data/riotbuild/riotproject/bin/esp32_ttgo_lora_v1/xtensa.a(xtensa_intr_asm.o)
                                         0x50 (size before relaxing)
                0x00000000400821e8                xt_ints_on
                0x000000004008220c                xt_ints_off
 .text          0x0000000040082230      0x126 /data/riotbuild/riotproject/bin/esp32_ttgo_lora_v1/xtensa.a(xtensa_context.o)
                                        0x152 (size before relaxing)
                0x0000000040082230                _xt_context_save
                0x0000000040082298                _xt_context_restore
                0x00000000400822dc                _xt_coproc_init
                0x00000000400822f0                _xt_coproc_release
                0x0000000040082310                _xt_coproc_savecs
                0x0000000040082334                _xt_coproc_restorecs
 *fill*         0x0000000040082356        0x0 
 *fill*         0x0000000040082356        0x0 
 *fill*         0x0000000040082356        0x0 
 *fill*         0x0000000040082356        0x0 
 *esp_idf_heap.a:*(.literal .text .literal.* .text.*)
 *esp_idf_spi_flash.a:*(.literal .text .literal.* .text.*)
 *core.a:*(.literal .text .literal.* .text.*)
 *fill*         0x0000000040082356        0x2 
 .text          0x0000000040082358      0x165 /data/riotbuild/riotproject/bin/esp32_ttgo_lora_v1/core.a(sched.o)
                                        0x1a1 (size before relaxing)
                0x0000000040082364                sched_run
                0x00000000400823c0                sched_set_status
                0x000000004008244c                sched_switch
                0x0000000040082484                sched_task_exit
 *fill*         0x00000000400824bd        0x3 
 .text          0x00000000400824c0       0x4d /data/riotbuild/riotproject/bin/esp32_ttgo_lora_v1/core.a(panic.o)
                                         0x7e (size before relaxing)
                0x00000000400824d8                core_panic
 *fill*         0x000000004008250d        0x3 
 .text          0x0000000040082510       0xe5 /data/riotbuild/riotproject/bin/esp32_ttgo_lora_v1/core.a(mutex.o)
                                        0x159 (size before relaxing)
                0x0000000040082510                _mutex_lock
                0x0000000040082568                mutex_unlock
                0x00000000400825b8                mutex_unlock_and_sleep
 *fill*         0x00000000400825f5        0x3 
 .text          0x00000000400825f8       0x9f /data/riotbuild/riotproject/bin/esp32_ttgo_lora_v1/core.a(rmutex.o)
                                         0xc2 (size before relaxing)
                0x000000004008263c                rmutex_lock
                0x0000000040082648                rmutex_trylock
                0x000000004008265c                rmutex_unlock
 *fill*         0x0000000040082697        0x1 
 .text          0x0000000040082698       0x87 /data/riotbuild/riotproject/bin/esp32_ttgo_lora_v1/core.a(kernel_init.o)
                                         0xbf (size before relaxing)
                0x00000000400826e4                kernel_init
 *fill*         0x000000004008271f        0x1 
 .text          0x0000000040082720      0x22e /data/riotbuild/riotproject/bin/esp32_ttgo_lora_v1/core.a(thread.o)
                                        0x2d2 (size before relaxing)
                0x0000000040082720                thread_get
                0x000000004008273c                thread_getstatus
                0x0000000040082754                thread_getname
                0x0000000040082768                thread_sleep
                0x000000004008278c                thread_wakeup
                0x00000000400827c8                thread_yield
                0x00000000400827f4                thread_add_to_list
                0x0000000040082828                thread_measure_stack_free
                0x000000004008283c                thread_create
 *fill*         0x000000004008294e        0x2 
 .text          0x0000000040082950       0x6e /data/riotbuild/riotproject/bin/esp32_ttgo_lora_v1/core.a(bitarithm.o)
                0x0000000040082954                bitarithm_msb
                0x00000000400829a8                bitarithm_bits_set
 *fill*         0x00000000400829be        0x2 
 .text          0x00000000400829c0      0x45b /data/riotbuild/riotproject/bin/esp32_ttgo_lora_v1/core.a(msg.o)
                                        0x59b (size before relaxing)
                0x0000000040082b80                msg_send_to_self
                0x0000000040082ba8                msg_send_int
                0x0000000040082bec                msg_send
                0x0000000040082c30                msg_try_send
                0x0000000040082c74                msg_send_receive
                0x0000000040082cc8                msg_reply
                0x0000000040082d1c                msg_reply_int
                0x0000000040082d50                msg_try_receive
                0x0000000040082d60                msg_receive
                0x0000000040082d70                msg_avail
                0x0000000040082d88                msg_init_queue
                0x0000000040082db8                msg_queue_print
 *fill*         0x0000000040082e1b        0x0 
 *fill*         0x0000000040082e1b        0x0 
 *fill*         0x0000000040082e1b        0x0 
 *fill*         0x0000000040082e1b        0x0 
 *fill*         0x0000000040082e1b        0x0 
 *fill*         0x0000000040082e1b        0x0 
 *fill*         0x0000000040082e1b        0x0 
 *fill*         0x0000000040082e1b        0x0 
 *cpu.a:*(.literal .text .literal.* .text.*)
 *fill*         0x0000000040082e1b        0x1 
 .text          0x0000000040082e1c      0x254 /data/riotbuild/riotproject/bin/esp32_ttgo_lora_v1/cpu.a(syscalls.o)
                                        0x2cc (size before relaxing)
                0x0000000040082e1c                __getreent
                0x0000000040082e38                _abort
                0x0000000040082e4c                _exit_r
                0x0000000040082e54                pthread_setcancelstate
                0x0000000040082e64                system_get_time
                0x0000000040082e7c                system_get_time_ms
                0x0000000040082e9c                esp_timer_get_time
                0x0000000040082e9c                system_get_time_64
                0x0000000040082ee8                system_wdt_init
                0x0000000040082ff8                system_wdt_stop
                0x0000000040083034                system_wdt_start
 .text          0x0000000040083070       0xfa /data/riotbuild/riotproject/bin/esp32_ttgo_lora_v1/cpu.a(log_module.o)
                                        0x13e (size before relaxing)
                0x000000004008307c                log_write
                0x00000000400830f4                log_write_tagged
 *fill*         0x000000004008316a        0x2 
 .text          0x000000004008316c      0x1cb /data/riotbuild/riotproject/bin/esp32_ttgo_lora_v1/cpu.a(thread_arch.o)
                                        0x287 (size before relaxing)
                0x000000004008316c                task_exit
                0x00000000400831d0                thread_stack_init
                0x0000000040083228                thread_yield_higher
                0x0000000040083250                thread_stack_print
                0x00000000400832a0                thread_print_stack
                0x00000000400832b8                thread_isr_stack_init
                0x00000000400832d0                thread_isr_stack_usage
                0x00000000400832e8                thread_isr_stack_pointer
                0x00000000400832f0                thread_isr_stack_start
                0x00000000400832fc                thread_isr_stack_print
                0x0000000040083320                cpu_switch_context_exit
 *fill*         0x0000000040083337        0x1 
 .text          0x0000000040083338       0x3e /data/riotbuild/riotproject/bin/esp32_ttgo_lora_v1/cpu.a(exceptions.o)
                                         0x6e (size before relaxing)
                0x000000004008333c                init_exceptions
 *fill*         0x0000000040083376        0x2 
 .text          0x0000000040083378       0xfb /data/riotbuild/riotproject/bin/esp32_ttgo_lora_v1/cpu.a(tools.o)
                                        0x113 (size before relaxing)
                0x0000000040083398                esp_hexdump
 *fill*         0x0000000040083473        0x0 
 *fill*         0x0000000040083473        0x0 
 *fill*         0x0000000040083473        0x1 
 .text          0x0000000040083474        0x5 /data/riotbuild/riotproject/bin/esp32_ttgo_lora_v1/cpu.a(esp_events.o)
                0x0000000040083474                esp_event_handler_init
 *fill*         0x0000000040083479        0x0 
 *fill*         0x0000000040083479        0x0 
 *periph.a:*(.literal .text .literal.* .text.*)
 *fill*         0x0000000040083479        0x3 
 .text          0x000000004008347c       0x41 /data/riotbuild/riotproject/bin/esp32_ttgo_lora_v1/periph.a(cpuid.o)
                0x0000000040083484                cpuid_get
 *fill*         0x00000000400834bd        0x3 
 .text          0x00000000400834c0      0x2ee /data/riotbuild/riotproject/bin/esp32_ttgo_lora_v1/periph.a(uart.o)
                                        0x386 (size before relaxing)
                0x00000000400834cc                __uart_config
                0x0000000040083598                uart_write
                0x00000000400835d4                uart_poweron
                0x00000000400835f8                uart_init
                0x00000000400836dc                uart_poweroff
                0x00000000400836f4                uart_system_init
                0x0000000040083710                uart_print_config
                0x0000000040083744                uart_set_baudrate
 *fill*         0x00000000400837ae        0x2 
 .text          0x00000000400837b0       0x59 /data/riotbuild/riotproject/bin/esp32_ttgo_lora_v1/periph.a(pm.o)
                                         0x85 (size before relaxing)
                0x00000000400837b0                pm_set_lowest
                0x00000000400837bc                pm_reboot
 *fill*         0x0000000040083809        0x3 
 .text          0x000000004008380c      0x55a /data/riotbuild/riotproject/bin/esp32_ttgo_lora_v1/periph.a(gpio.o)
                                        0x5a2 (size before relaxing)
                0x0000000040083838                gpio_init
                0x0000000040083b90                gpio_read
                0x0000000040083bc0                gpio_write
                0x0000000040083bfc                gpio_set
                0x0000000040083c24                gpio_clear
                0x0000000040083c4c                gpio_toggle
                0x0000000040083c88                gpio_set_pin_usage
                0x0000000040083ca0                gpio_get_pin_usage
                0x0000000040083cb8                gpio_get_pin_usage_str
                0x0000000040083cd8                gpio_pullup_dis
                0x0000000040083d30                gpio_is_rtcio
                0x0000000040083d40                gpio_config_sleep_mode
                0x0000000040083d58                gpio_set_direction
 *fill*         0x0000000040083d66        0x2 
 .text          0x0000000040083d68       0x4a /data/riotbuild/riotproject/bin/esp32_ttgo_lora_v1/periph.a(hwrng.o)
                0x0000000040083d68                hwrng_init
                0x0000000040083d74                hwrng_read
                0x0000000040083da4                hwrand
 *fill*         0x0000000040083db2        0x2 
 .text          0x0000000040083db4      0x26b /data/riotbuild/riotproject/bin/esp32_ttgo_lora_v1/periph.a(rtc.o)
                                        0x32f (size before relaxing)
                0x0000000040083de8                rtc_init
                0x0000000040083e68                rtc_poweron
                0x0000000040083e70                rtc_poweroff
                0x0000000040083e84                rtc_set_time
                0x0000000040083eac                rtc_get_time
                0x0000000040083f00                rtc_get_alarm
                0x0000000040083f24                rtc_set_alarm
                0x0000000040083fcc                rtc_clear_alarm
 *fill*         0x000000004008401f        0x1 
 .text          0x0000000040084020      0xcda /data/riotbuild/riotproject/bin/esp32_ttgo_lora_v1/periph.a(adc.o)
                                        0xe6e (size before relaxing)
                0x0000000040084120                adc_init
                0x0000000040084530                adc_sample
                0x0000000040084688                adc_set_attenuation
                0x000000004008473c                adc_vref_to_gpio25
                0x000000004008480c                dac_init
                0x0000000040084940                dac_set
                0x0000000040084968                dac_poweroff
                0x0000000040084970                dac_poweron
                0x0000000040084990                rtcio_config_sleep_mode
                0x0000000040084ca8                adc_print_config
 *fill*         0x0000000040084cfa        0x2 
 .text          0x0000000040084cfc      0xa6b /data/riotbuild/riotproject/bin/esp32_ttgo_lora_v1/periph.a(i2c_sw.o)
                                        0xae7 (size before relaxing)
                0x0000000040085440                i2c_init
                0x000000004008558c                i2c_acquire
                0x00000000400855a4                i2c_release
                0x00000000400855b8                i2c_read_bytes
                0x00000000400856a4                i2c_write_bytes
                0x000000004008573c                i2c_poweron
                0x0000000040085744                i2c_poweroff
                0x0000000040085750                i2c_print_config
 *fill*         0x0000000040085767        0x1 
 .text          0x0000000040085768      0x30a /data/riotbuild/riotproject/bin/esp32_ttgo_lora_v1/periph.a(spi.o)
                                        0x3f6 (size before relaxing)
                0x000000004008589c                spi_init_cs
                0x0000000040085900                spi_init_pins
                0x0000000040085a24                spi_print_config
 *fill*         0x0000000040085a72        0x2 
 .text          0x0000000040085a74      0x65e /data/riotbuild/riotproject/bin/esp32_ttgo_lora_v1/periph.a(pwm.o)
                                        0x71a (size before relaxing)
                0x0000000040085a78                pwm_channels
                0x0000000040085aa0                pwm_set
                0x0000000040085e94                pwm_init
                0x000000004008602c                pwm_poweron
                0x0000000040086048                pwm_poweroff
                0x0000000040086080                pwm_print_config
 *fill*         0x00000000400860d2        0x2 
 .text          0x00000000400860d4      0x120 /data/riotbuild/riotproject/bin/esp32_ttgo_lora_v1/periph.a(timer.o)
                                        0x178 (size before relaxing)
                0x00000000400860d4                timer_clear
                0x0000000040086128                timer_init
 *fill*         0x00000000400861f4        0x0 
 *fill*         0x00000000400861f4        0x0 
 *fill*         0x00000000400861f4        0x0 
 *fill*         0x00000000400861f4        0x0 
 *fill*         0x00000000400861f4        0x0 
 *fill*         0x00000000400861f4        0x0 
 *fill*         0x00000000400861f4        0x0 
 *fill*         0x00000000400861f4        0x0 
 *fill*         0x00000000400861f4        0x0 
 *fill*         0x00000000400861f4        0x0 
 *fill*         0x00000000400861f4        0x0 
 *lib_a-utoa.o(.literal .text .literal.* .text.*)
 *lib_a-longjmp.o(.literal .text .literal.* .text.*)
 *lib_a-setjmp.o(.literal .text .literal.* .text.*)
 *lib_a-abs.o(.literal .text .literal.* .text.*)
 *lib_a-div.o(.literal .text .literal.* .text.*)
 .text          0x00000000400861f4       0x26 /opt/esp/xtensa-esp32-elf/bin/../lib/gcc/xtensa-esp32-elf/5.2.0/../../../../xtensa-esp32-elf/lib/libg.a(lib_a-div.o)
                0x00000000400861f4                div
 *lib_a-labs.o(.literal .text .literal.* .text.*)
 *lib_a-ldiv.o(.literal .text .literal.* .text.*)
 *lib_a-quorem.o(.literal .text .literal.* .text.*)
 *lib_a-qsort.o(.literal .text .literal.* .text.*)
 *lib_a-utoa.o(.literal .text .literal.* .text.*)
 *lib_a-itoa.o(.literal .text .literal.* .text.*)
 *lib_a-atoi.o(.literal .text .literal.* .text.*)
 *fill*         0x000000004008621a        0x2 
 .text          0x000000004008621c       0x25 /opt/esp/xtensa-esp32-elf/bin/../lib/gcc/xtensa-esp32-elf/5.2.0/../../../../xtensa-esp32-elf/lib/libg.a(lib_a-atoi.o)
                                         0x29 (size before relaxing)
                0x000000004008621c                atoi
                0x000000004008622c                _atoi_r
 *fill*         0x0000000040086241        0x0 
 *lib_a-atol.o(.literal .text .literal.* .text.*)
 *lib_a-strtol.o(.literal .text .literal.* .text.*)
 *fill*         0x0000000040086241        0x3 
 .text          0x0000000040086244      0x116 /opt/esp/xtensa-esp32-elf/bin/../lib/gcc/xtensa-esp32-elf/5.2.0/../../../../xtensa-esp32-elf/lib/libg.a(lib_a-strtol.o)
                0x0000000040086244                _strtol_r
                0x0000000040086344                strtol
 *fill*         0x000000004008635a        0x0 
 *lib_a-strtoul.o(.literal .text .literal.* .text.*)
 *lib_a-wcrtomb.o(.literal .text .literal.* .text.*)
 *lib_a-fvwrite.o(.literal .text .literal.* .text.*)
 *lib_a-wbuf.o(.literal .text .literal.* .text.*)
 *lib_a-wsetup.o(.literal .text .literal.* .text.*)
 *lib_a-fputwc.o(.literal .text .literal.* .text.*)
 *lib_a-wctomb_r.o(.literal .text .literal.* .text.*)
 *lib_a-ungetc.o(.literal .text .literal.* .text.*)
 *lib_a-makebuf.o(.literal .text .literal.* .text.*)
 *lib_a-fflush.o(.literal .text .literal.* .text.*)
 *fill*         0x000000004008635a        0x2 
 .text          0x000000004008635c      0x200 /opt/esp/xtensa-esp32-elf/bin/../lib/gcc/xtensa-esp32-elf/5.2.0/../../../../xtensa-esp32-elf/lib/libg.a(lib_a-fflush.o)
                                        0x208 (size before relaxing)
                0x000000004008635c                __sflush_r
                0x00000000400864b0                _fflush_r
                0x0000000040086538                fflush
 *fill*         0x000000004008655c        0x0 
 *lib_a-refill.o(.literal .text .literal.* .text.*)
 *lib_a-s_fpclassify.o(.literal .text .literal.* .text.*)
 .text          0x000000004008655c       0x4c /opt/esp/xtensa-esp32-elf/bin/../lib/gcc/xtensa-esp32-elf/5.2.0/../../../../xtensa-esp32-elf/lib/libg.a(lib_a-s_fpclassify.o)
                0x000000004008655c                __fpclassifyd
 *lib_a-locale.o(.literal .text .literal.* .text.*)
 .text          0x00000000400865a8       0x77 /opt/esp/xtensa-esp32-elf/bin/../lib/gcc/xtensa-esp32-elf/5.2.0/../../../../xtensa-esp32-elf/lib/libg.a(lib_a-locale.o)
                                         0x82 (size before relaxing)
                0x00000000400865a8                _setlocale_r
                0x00000000400865d8                __locale_charset
                0x00000000400865e0                __locale_mb_cur_max
                0x00000000400865e8                __locale_msgcharset
                0x00000000400865f0                __locale_cjk_lang
                0x00000000400865f8                _localeconv_r
                0x0000000040086600                setlocale
                0x0000000040086614                localeconv
 *lib_a-asctime.o(.literal .text .literal.* .text.*)
 *lib_a-ctime.o(.literal .text .literal.* .text.*)
 *lib_a-ctime_r.o(.literal .text .literal.* .text.*)
 *lib_a-lcltime.o(.literal .text .literal.* .text.*)
 *fill*         0x000000004008661f        0x1 
 .text          0x0000000040086620       0x20 /opt/esp/xtensa-esp32-elf/bin/../lib/gcc/xtensa-esp32-elf/5.2.0/../../../../xtensa-esp32-elf/lib/libg.a(lib_a-lcltime.o)
                                         0x28 (size before relaxing)
                0x0000000040086620                localtime
 *fill*         0x0000000040086640        0x0 
 *lib_a-lcltime_r.o(.literal .text .literal.* .text.*)
 .text          0x0000000040086640      0x249 /opt/esp/xtensa-esp32-elf/bin/../lib/gcc/xtensa-esp32-elf/5.2.0/../../../../xtensa-esp32-elf/lib/libg.a(lib_a-lcltime_r.o)
                                        0x254 (size before relaxing)
                0x0000000040086640                localtime_r
 *lib_a-gmtime.o(.literal .text .literal.* .text.*)
 *lib_a-gmtime_r.o(.literal .text .literal.* .text.*)
 *fill*         0x0000000040086889        0x3 
 .text          0x000000004008688c      0x176 /opt/esp/xtensa-esp32-elf/bin/../lib/gcc/xtensa-esp32-elf/5.2.0/../../../../xtensa-esp32-elf/lib/libg.a(lib_a-gmtime_r.o)
                0x000000004008688c                gmtime_r
 *lib_a-strftime.o(.literal .text .literal.* .text.*)
 *lib_a-mktime.o(.literal .text .literal.* .text.*)
 *fill*         0x0000000040086a02        0x2 
 .text          0x0000000040086a04      0x571 /opt/esp/xtensa-esp32-elf/bin/../lib/gcc/xtensa-esp32-elf/5.2.0/../../../../xtensa-esp32-elf/lib/libg.a(lib_a-mktime.o)
                0x0000000040086c10                mktime
 *fill*         0x0000000040086f75        0x0 
 *lib_a-syswrite.o(.literal .text .literal.* .text.*)
 *lib_a-tzset_r.o(.literal .text .literal.* .text.*)
 *lib_a-tzset.o(.literal .text .literal.* .text.*)
 *lib_a-toupper.o(.literal .text .literal.* .text.*)
 *lib_a-tolower.o(.literal .text .literal.* .text.*)
 *lib_a-toascii.o(.literal .text .literal.* .text.*)
 *lib_a-systimes.o(.literal .text .literal.* .text.*)
 *lib_a-time.o(.literal .text .literal.* .text.*)
 *lib_a-bsd_qsort_r.o(.literal .text .literal.* .text.*)
 *lib_a-qsort_r.o(.literal .text .literal.* .text.*)
 *lib_a-gettzinfo.o(.literal .text .literal.* .text.*)
 *fill*         0x0000000040086f75        0x3 
 .text          0x0000000040086f78        0x8 /opt/esp/xtensa-esp32-elf/bin/../lib/gcc/xtensa-esp32-elf/5.2.0/../../../../xtensa-esp32-elf/lib/libg.a(lib_a-gettzinfo.o)
                0x0000000040086f78                __gettzinfo
 *fill*         0x0000000040086f80        0x0 
 *lib_a-strupr.o(.literal .text .literal.* .text.*)
 *lib_a-asctime_r.o(.literal .text .literal.* .text.*)
 *lib_a-bzero.o(.literal .text .literal.* .text.*)
 *lib_a-close.o(.literal .text .literal.* .text.*)
 *lib_a-creat.o(.literal .text .literal.* .text.*)
 *lib_a-environ.o(.literal .text .literal.* .text.*)
 *lib_a-fclose.o(.literal .text .literal.* .text.*)
 .text          0x0000000040086f80       0xde /opt/esp/xtensa-esp32-elf/bin/../lib/gcc/xtensa-esp32-elf/5.2.0/../../../../xtensa-esp32-elf/lib/libg.a(lib_a-fclose.o)
                                        0x102 (size before relaxing)
                0x0000000040086f80                _fclose_r
                0x000000004008704c                fclose
 *lib_a-isalnum.o(.literal .text .literal.* .text.*)
 *lib_a-isalpha.o(.literal .text .literal.* .text.*)
 *lib_a-isascii.o(.literal .text .literal.* .text.*)
 *lib_a-isblank.o(.literal .text .literal.* .text.*)
 *lib_a-iscntrl.o(.literal .text .literal.* .text.*)
 *lib_a-isdigit.o(.literal .text .literal.* .text.*)
 *lib_a-isgraph.o(.literal .text .literal.* .text.*)
 *lib_a-islower.o(.literal .text .literal.* .text.*)
 *lib_a-isprint.o(.literal .text .literal.* .text.*)
 *lib_a-ispunct.o(.literal .text .literal.* .text.*)
 *lib_a-isspace.o(.literal .text .literal.* .text.*)
 *lib_a-isupper.o(.literal .text .literal.* .text.*)
 *lib_a-memccpy.o(.literal .text .literal.* .text.*)
 *lib_a-memchr.o(.literal .text .literal.* .text.*)
 *fill*         0x000000004008705e        0x2 
 .text          0x0000000040087060       0x1b /opt/esp/xtensa-esp32-elf/bin/../lib/gcc/xtensa-esp32-elf/5.2.0/../../../../xtensa-esp32-elf/lib/libg.a(lib_a-memchr.o)
                0x0000000040087060                memchr
 *lib_a-memcmp.o(.literal .text .literal.* .text.*)
 *fill*         0x000000004008707b        0x1 
 .text          0x000000004008707c       0x21 /opt/esp/xtensa-esp32-elf/bin/../lib/gcc/xtensa-esp32-elf/5.2.0/../../../../xtensa-esp32-elf/lib/libg.a(lib_a-memcmp.o)
                0x000000004008707c                memcmp
 *lib_a-memcpy.o(.literal .text .literal.* .text.*)
 *fill*         0x000000004008709d        0x3 
 .text          0x00000000400870a0      0x135 /opt/esp/xtensa-esp32-elf/bin/../lib/gcc/xtensa-esp32-elf/5.2.0/../../../../xtensa-esp32-elf/lib/libg.a(lib_a-memcpy.o)
                0x00000000400870e0                memcpy
 *lib_a-memmove.o(.literal .text .literal.* .text.*)
 *fill*         0x00000000400871d5        0x3 
 .text          0x00000000400871d8       0x3b /opt/esp/xtensa-esp32-elf/bin/../lib/gcc/xtensa-esp32-elf/5.2.0/../../../../xtensa-esp32-elf/lib/libg.a(lib_a-memmove.o)
                0x00000000400871d8                memmove
 *lib_a-memrchr.o(.literal .text .literal.* .text.*)
 *lib_a-memset.o(.literal .text .literal.* .text.*)
 *fill*         0x0000000040087213        0x1 
 .text          0x0000000040087214       0x74 /opt/esp/xtensa-esp32-elf/bin/../lib/gcc/xtensa-esp32-elf/5.2.0/../../../../xtensa-esp32-elf/lib/libg.a(lib_a-memset.o)
                0x000000004008723c                memset
 *lib_a-open.o(.literal .text .literal.* .text.*)
 *lib_a-rand.o(.literal .text .literal.* .text.*)
 .text          0x0000000040087288       0xcf /opt/esp/xtensa-esp32-elf/bin/../lib/gcc/xtensa-esp32-elf/5.2.0/../../../../xtensa-esp32-elf/lib/libg.a(lib_a-rand.o)
                                         0xd7 (size before relaxing)
                0x0000000040087288                srand
                0x00000000400872dc                rand
 *lib_a-rand_r.o(.literal .text .literal.* .text.*)
 *lib_a-read.o(.literal .text .literal.* .text.*)
 *lib_a-rshift.o(.literal .text .literal.* .text.*)
 *lib_a-sbrk.o(.literal .text .literal.* .text.*)
 *lib_a-srand.o(.literal .text .literal.* .text.*)
 *lib_a-strcasecmp.o(.literal .text .literal.* .text.*)
 *lib_a-strcasestr.o(.literal .text .literal.* .text.*)
 *lib_a-strcat.o(.literal .text .literal.* .text.*)
 *lib_a-strchr.o(.literal .text .literal.* .text.*)
 *fill*         0x0000000040087357        0x1 
 .text          0x0000000040087358       0x1a /opt/esp/xtensa-esp32-elf/bin/../lib/gcc/xtensa-esp32-elf/5.2.0/../../../../xtensa-esp32-elf/lib/libg.a(lib_a-strchr.o)
                0x0000000040087358                strchr
 *lib_a-strcmp.o(.literal .text .literal.* .text.*)
 *fill*         0x0000000040087372        0x2 
 .text          0x0000000040087374      0x123 /opt/esp/xtensa-esp32-elf/bin/../lib/gcc/xtensa-esp32-elf/5.2.0/../../../../xtensa-esp32-elf/lib/libg.a(lib_a-strcmp.o)
                0x0000000040087374                strcmp
 *fill*         0x0000000040087497        0x0 
 *lib_a-strcoll.o(.literal .text .literal.* .text.*)
 *lib_a-strcpy.o(.literal .text .literal.* .text.*)
 *lib_a-strcspn.o(.literal .text .literal.* .text.*)
 *lib_a-strdup.o(.literal .text .literal.* .text.*)
 *lib_a-strlcat.o(.literal .text .literal.* .text.*)
 *lib_a-strlcpy.o(.literal .text .literal.* .text.*)
 *lib_a-strlen.o(.literal .text .literal.* .text.*)
 *fill*         0x0000000040087497        0x1 
 .text          0x0000000040087498       0x63 /opt/esp/xtensa-esp32-elf/bin/../lib/gcc/xtensa-esp32-elf/5.2.0/../../../../xtensa-esp32-elf/lib/libg.a(lib_a-strlen.o)
                0x0000000040087498                strlen
 *fill*         0x00000000400874fb        0x0 
 *lib_a-strlwr.o(.literal .text .literal.* .text.*)
 *lib_a-strncasecmp.o(.literal .text .literal.* .text.*)
 *lib_a-strncat.o(.literal .text .literal.* .text.*)
 *lib_a-strncmp.o(.literal .text .literal.* .text.*)
 *lib_a-strncpy.o(.literal .text .literal.* .text.*)
 *fill*         0x00000000400874fb        0x1 
 .text          0x00000000400874fc      0x113 /opt/esp/xtensa-esp32-elf/bin/../lib/gcc/xtensa-esp32-elf/5.2.0/../../../../xtensa-esp32-elf/lib/libg.a(lib_a-strncpy.o)
                0x0000000040087534                strncpy
 *fill*         0x000000004008760f        0x0 
 *lib_a-strndup.o(.literal .text .literal.* .text.*)
 *lib_a-strnlen.o(.literal .text .literal.* .text.*)
 *lib_a-strrchr.o(.literal .text .literal.* .text.*)
 *fill*         0x000000004008760f        0x1 
 .text          0x0000000040087610       0x2c /opt/esp/xtensa-esp32-elf/bin/../lib/gcc/xtensa-esp32-elf/5.2.0/../../../../xtensa-esp32-elf/lib/libg.a(lib_a-strrchr.o)
                0x0000000040087610                strrchr
 *fill*         0x000000004008763c        0x0 
 *lib_a-strsep.o(.literal .text .literal.* .text.*)
 *lib_a-strspn.o(.literal .text .literal.* .text.*)
 *lib_a-strstr.o(.literal .text .literal.* .text.*)
 *lib_a-strtok_r.o(.literal .text .literal.* .text.*)
 *lib_a-strupr.o(.literal .text .literal.* .text.*)
 *lib_a-stdio.o(.literal .text .literal.* .text.*)
 .text          0x000000004008763c       0xb2 /opt/esp/xtensa-esp32-elf/bin/../lib/gcc/xtensa-esp32-elf/5.2.0/../../../../xtensa-esp32-elf/lib/libg.a(lib_a-stdio.o)
                                         0xbe (size before relaxing)
                0x000000004008763c                __sread
                0x000000004008766c                __seofread
                0x0000000040087674                __swrite
                0x00000000400876a8                __sseek
                0x00000000400876dc                __sclose
 *lib_a-syssbrk.o(.literal .text .literal.* .text.*)
 *lib_a-sysclose.o(.literal .text .literal.* .text.*)
 *lib_a-sysopen.o(.literal .text .literal.* .text.*)
 *creat.o(.literal .text .literal.* .text.*)
 *lib_a-sysread.o(.literal .text .literal.* .text.*)
 *lib_a-syswrite.o(.literal .text .literal.* .text.*)
 *lib_a-impure.o(.literal .text .literal.* .text.*)
 *lib_a-tzvars.o(.literal .text .literal.* .text.*)
 *lib_a-sf_nan.o(.literal .text .literal.* .text.*)
 *lib_a-tzcalc_limits.o(.literal .text .literal.* .text.*)
 *fill*         0x00000000400876ee        0x2 
 .text          0x00000000400876f0      0x166 /opt/esp/xtensa-esp32-elf/bin/../lib/gcc/xtensa-esp32-elf/5.2.0/../../../../xtensa-esp32-elf/lib/libg.a(lib_a-tzcalc_limits.o)
                                        0x16a (size before relaxing)
                0x00000000400876f0                __tzcalc_limits
 *fill*         0x0000000040087856        0x0 
 *lib_a-month_lengths.o(.literal .text .literal.* .text.*)
 *lib_a-timelocal.o(.literal .text .literal.* .text.*)
 *lib_a-findfp.o(.literal .text .literal.* .text.*)
 *fill*         0x0000000040087856        0x2 
 .text          0x0000000040087858      0x215 /opt/esp/xtensa-esp32-elf/bin/../lib/gcc/xtensa-esp32-elf/5.2.0/../../../../xtensa-esp32-elf/lib/libg.a(lib_a-findfp.o)
                                        0x24f (size before relaxing)
                0x0000000040087858                _cleanup_r
                0x00000000400878d8                __sfmoreglue
                0x0000000040087908                _cleanup
                0x0000000040087918                __sfp_lock_acquire
                0x0000000040087924                __sfp_lock_release
                0x0000000040087930                __sinit_lock_acquire
                0x000000004008793c                __sinit_lock_release
                0x0000000040087948                __sinit
                0x00000000400879a0                __sfp
                0x0000000040087a48                __fp_lock_all
                0x0000000040087a5c                __fp_unlock_all
 *fill*         0x0000000040087a6d        0x0 
 *lock.o(.literal .text .literal.* .text.*)
 *fill*         0x0000000040087a6d        0x3 
 .text          0x0000000040087a70       0x17 /opt/esp/xtensa-esp32-elf/bin/../lib/gcc/xtensa-esp32-elf/5.2.0/../../../../xtensa-esp32-elf/lib/libg.a(lib_a-mlock.o)
                                         0x1e (size before relaxing)
                0x0000000040087a70                __malloc_lock
                0x0000000040087a7c                __malloc_unlock
 *fill*         0x0000000040087a87        0x1 
 .text          0x0000000040087a88       0x17 /opt/esp/xtensa-esp32-elf/bin/../lib/gcc/xtensa-esp32-elf/5.2.0/../../../../xtensa-esp32-elf/lib/libg.a(lib_a-tzlock.o)
                                         0x1e (size before relaxing)
                0x0000000040087a88                __tz_lock
                0x0000000040087a94                __tz_unlock
 *fill*         0x0000000040087a9f        0x0 
 *fill*         0x0000000040087a9f        0x0 
 *lib_a-getenv_r.o(.literal .text .literal.* .text.*)
 *isatty.o(.literal .text .literal.* .text.*)
 *lib_a-fwalk.o(.literal .text .literal.* .text.*)
 *fill*         0x0000000040087a9f        0x1 
 .text          0x0000000040087aa0       0x77 /opt/esp/xtensa-esp32-elf/bin/../lib/gcc/xtensa-esp32-elf/5.2.0/../../../../xtensa-esp32-elf/lib/libg.a(lib_a-fwalk.o)
                0x0000000040087aa0                _fwalk
                0x0000000040087ad8                _fwalk_reent
 *lib_a-getenv_r.o(.literal .text .literal.* .text.*)
 *lib_a-tzlock.o(.literal .text .literal.* .text.*)
 *lib_a-ctype_.o(.literal .text .literal.* .text.*)
 *lib_a-sccl.o(.literal .text .literal.* .text.*)
 *lib_a-strptime.o(.literal .text .literal.* .text.*)
 *lib_a-envlock.o(.literal .text .literal.* .text.*)
 *lib_a-raise.o(.literal .text .literal.* .text.*)
 *lib_a-strdup_r.o(.literal .text .literal.* .text.*)
 *lib_a-system.o(.literal .text .literal.* .text.*)
 *lib_a-strndup_r.o(.literal .text .literal.* .text.*)
                0x0000000040087b17                _iram_text_end = ABSOLUTE (.)

.dram0.data     0x000000003ffb0000     0x133c
                0x000000003ffb0000                _data_start = ABSOLUTE (.)
 *(.data)
 .data          0x000000003ffb0000      0x804 /data/riotbuild/riotproject/bin/esp32_ttgo_lora_v1/xtensa.a(portasm.o)
                0x000000003ffb0000                port_IntStack
                0x000000003ffb0800                port_IntStackTop
 *fill*         0x000000003ffb0804        0xc 
 .data          0x000000003ffb0810        0x4 /data/riotbuild/riotproject/bin/esp32_ttgo_lora_v1/xtensa.a(xtensa_vectors.o)
                0x000000003ffb0810                _xt_coproc_owner_sa
 *fill*         0x000000003ffb0814        0x4 
 .data          0x000000003ffb0818      0x208 /data/riotbuild/riotproject/bin/esp32_ttgo_lora_v1/xtensa.a(xtensa_intr_asm.o)
                0x000000003ffb0818                _xt_intenable
                0x000000003ffb0818                _xt_intdata
                0x000000003ffb081c                _xt_vpri_mask
                0x000000003ffb0820                _xt_interrupt_table
                0x000000003ffb0920                _xt_exception_table
 .data          0x000000003ffb0a20      0x410 /opt/esp/xtensa-esp32-elf/bin/../lib/gcc/xtensa-esp32-elf/5.2.0/../../../../xtensa-esp32-elf/lib/libg.a(lib_a-mallocr.o)
                0x000000003ffb0a20                __malloc_sbrk_base
                0x000000003ffb0a24                __malloc_trim_threshold
                0x000000003ffb0a28                __malloc_av_
 .data          0x000000003ffb0e30       0x40 /opt/esp/xtensa-esp32-elf/bin/../lib/gcc/xtensa-esp32-elf/5.2.0/../../../../xtensa-esp32-elf/lib/libg.a(lib_a-gettzinfo.o)
 *(.data.*)
 .data.heap_top
                0x000000003ffb0e70        0x4 /data/riotbuild/riotproject/bin/esp32_ttgo_lora_v1/newlib_syscalls_default/syscalls.o
                0x000000003ffb0e70                heap_top
 .data.s_stub_table
                0x000000003ffb0e74       0x90 /data/riotbuild/riotproject/bin/esp32_ttgo_lora_v1/cpu.a(syscalls.o)
 .data._new_line
                0x000000003ffb0f04        0x1 /data/riotbuild/riotproject/bin/esp32_ttgo_lora_v1/cpu.a(log_module.o)
                0x000000003ffb0f04                _new_line
 .data._initial_exit
                0x000000003ffb0f05        0x1 /data/riotbuild/riotproject/bin/esp32_ttgo_lora_v1/cpu.a(thread_arch.o)
 *fill*         0x000000003ffb0f06        0x2 
 .data.__uarts  0x000000003ffb0f08       0x30 /data/riotbuild/riotproject/bin/esp32_ttgo_lora_v1/periph.a(uart.o)
 .data._gpio_pin_usage_str
                0x000000003ffb0f38       0x2c /data/riotbuild/riotproject/bin/esp32_ttgo_lora_v1/periph.a(gpio.o)
                0x000000003ffb0f38                _gpio_pin_usage_str
 .data._gpio_pin_usage
                0x000000003ffb0f64       0xa0 /data/riotbuild/riotproject/bin/esp32_ttgo_lora_v1/periph.a(gpio.o)
                0x000000003ffb0f64                _gpio_pin_usage
 .data.stdio_uart_isrpipe
                0x000000003ffb1004       0x14 /data/riotbuild/riotproject/bin/esp32_ttgo_lora_v1/stdio_uart.a(stdio_uart.o)
                0x000000003ffb1004                stdio_uart_isrpipe
 .data.idle_name
                0x000000003ffb1018        0x4 /data/riotbuild/riotproject/bin/esp32_ttgo_lora_v1/core.a(kernel_init.o)
                0x000000003ffb1018                idle_name
 .data.main_name
                0x000000003ffb101c        0x4 /data/riotbuild/riotproject/bin/esp32_ttgo_lora_v1/core.a(kernel_init.o)
                0x000000003ffb101c                main_name
 .data._i2c_bus
                0x000000003ffb1020       0x24 /data/riotbuild/riotproject/bin/esp32_ttgo_lora_v1/periph.a(i2c_sw.o)
 .data._spi     0x000000003ffb1044       0x18 /data/riotbuild/riotproject/bin/esp32_ttgo_lora_v1/periph.a(spi.o)
 .data.pins     0x000000003ffb105c       0x30 /data/riotbuild/riotproject/bin/esp32_ttgo_lora_v1/application_ttgo_oled_test.a(main.o)
 .data.lastused
                0x000000003ffb108c        0x1 /data/riotbuild/riotproject/bin/esp32_ttgo_lora_v1/luid.a(luid.o)
 *(.gnu.linkonce.d.*)
 *(.data1)
 *(.sdata)
 *(.sdata.*)
 *(.gnu.linkonce.s.*)
 *(.sdata2)
 *(.sdata2.*)
 *(.gnu.linkonce.s2.*)
 *(.jcr)
 *(.dram1 .dram1.*)
 *libesp32.a:panic.o(.rodata .rodata.*)
 *libphy.a:(.rodata .rodata.*)
 *libsoc.a:rtc_clk.o(.rodata .rodata.*)
 *libapp_trace.a:(.rodata .rodata.*)
 *libgcov.a:(.rodata .rodata.*)
 *libheap.a:multi_heap.o(.rodata .rodata.*)
 *libheap.a:multi_heap_poisoning.o(.rodata .rodata.*)
 *lib_a-utoa.o(.rodata .rodata.*)
 *lib_a-longjmp.o(.rodata .rodata.*)
 *lib_a-setjmp.o(.rodata .rodata.*)
 *lib_a-abs.o(.rodata .rodata.*)
 *lib_a-div.o(.rodata .rodata.*)
 *lib_a-labs.o(.rodata .rodata.*)
 *lib_a-ldiv.o(.rodata .rodata.*)
 *lib_a-quorem.o(.rodata .rodata.*)
 *lib_a-qsort.o(.rodata .rodata.*)
 *lib_a-utoa.o(.rodata .rodata.*)
 *lib_a-itoa.o(.rodata .rodata.*)
 *lib_a-atoi.o(.rodata .rodata.*)
 *lib_a-atol.o(.rodata .rodata.*)
 *lib_a-strtol.o(.rodata .rodata.*)
 *lib_a-strtoul.o(.rodata .rodata.*)
 *lib_a-wcrtomb.o(.rodata .rodata.*)
 *lib_a-fvwrite.o(.rodata .rodata.*)
 *lib_a-wbuf.o(.rodata .rodata.*)
 *lib_a-wsetup.o(.rodata .rodata.*)
 *lib_a-fputwc.o(.rodata .rodata.*)
 *lib_a-wctomb_r.o(.rodata .rodata.*)
 *lib_a-ungetc.o(.rodata .rodata.*)
 *lib_a-makebuf.o(.rodata .rodata.*)
 *lib_a-fflush.o(.rodata .rodata.*)
 *lib_a-refill.o(.rodata .rodata.*)
 *lib_a-s_fpclassify.o(.rodata .rodata.*)
 *lib_a-locale.o(.rodata .rodata.*)
 .rodata.str1.1
                0x000000003ffb108d        0xa /opt/esp/xtensa-esp32-elf/bin/../lib/gcc/xtensa-esp32-elf/5.2.0/../../../../xtensa-esp32-elf/lib/libg.a(lib_a-locale.o)
                                          0xb (size before relaxing)
 *fill*         0x000000003ffb1097        0x1 
 .rodata        0x000000003ffb1098       0x7c /opt/esp/xtensa-esp32-elf/bin/../lib/gcc/xtensa-esp32-elf/5.2.0/../../../../xtensa-esp32-elf/lib/libg.a(lib_a-locale.o)
                0x000000003ffb1110                __mb_cur_max
 *lib_a-asctime.o(.rodata .rodata.*)
 *lib_a-ctime.o(.rodata .rodata.*)
 *lib_a-ctime_r.o(.rodata .rodata.*)
 *lib_a-lcltime.o(.rodata .rodata.*)
 *lib_a-lcltime_r.o(.rodata .rodata.*)
 *lib_a-gmtime.o(.rodata .rodata.*)
 *lib_a-gmtime_r.o(.rodata .rodata.*)
 *lib_a-strftime.o(.rodata .rodata.*)
 *lib_a-mktime.o(.rodata .rodata.*)
 .rodata        0x000000003ffb1114       0x60 /opt/esp/xtensa-esp32-elf/bin/../lib/gcc/xtensa-esp32-elf/5.2.0/../../../../xtensa-esp32-elf/lib/libg.a(lib_a-mktime.o)
 *lib_a-syswrite.o(.rodata .rodata.*)
 *lib_a-tzset_r.o(.rodata .rodata.*)
 *lib_a-tzset.o(.rodata .rodata.*)
 *lib_a-toupper.o(.rodata .rodata.*)
 *lib_a-tolower.o(.rodata .rodata.*)
 *lib_a-toascii.o(.rodata .rodata.*)
 *lib_a-systimes.o(.rodata .rodata.*)
 *lib_a-time.o(.rodata .rodata.*)
 *lib_a-bsd_qsort_r.o(.rodata .rodata.*)
 *lib_a-qsort_r.o(.rodata .rodata.*)
 *lib_a-gettzinfo.o(.rodata .rodata.*)
 *lib_a-strupr.o(.rodata .rodata.*)
 *lib_a-asctime_r.o(.rodata .rodata.*)
 *lib_a-bzero.o(.rodata .rodata.*)
 *lib_a-close.o(.rodata .rodata.*)
 *lib_a-creat.o(.rodata .rodata.*)
 *lib_a-environ.o(.rodata .rodata.*)
 *lib_a-fclose.o(.rodata .rodata.*)
 *lib_a-isalnum.o(.rodata .rodata.*)
 *lib_a-isalpha.o(.rodata .rodata.*)
 *lib_a-isascii.o(.rodata .rodata.*)
 *lib_a-isblank.o(.rodata .rodata.*)
 *lib_a-iscntrl.o(.rodata .rodata.*)
 *lib_a-isdigit.o(.rodata .rodata.*)
 *lib_a-isgraph.o(.rodata .rodata.*)
 *lib_a-islower.o(.rodata .rodata.*)
 *lib_a-isprint.o(.rodata .rodata.*)
 *lib_a-ispunct.o(.rodata .rodata.*)
 *lib_a-isspace.o(.rodata .rodata.*)
 *lib_a-isupper.o(.rodata .rodata.*)
 *lib_a-memccpy.o(.rodata .rodata.*)
 *lib_a-memchr.o(.rodata .rodata.*)
 *lib_a-memcmp.o(.rodata .rodata.*)
 *lib_a-memcpy.o(.rodata .rodata.*)
 *lib_a-memmove.o(.rodata .rodata.*)
 *lib_a-memrchr.o(.rodata .rodata.*)
 *lib_a-memset.o(.rodata .rodata.*)
 *lib_a-open.o(.rodata .rodata.*)
 *lib_a-rand.o(.rodata .rodata.*)
 *lib_a-rand_r.o(.rodata .rodata.*)
 *lib_a-read.o(.rodata .rodata.*)
 *lib_a-rshift.o(.rodata .rodata.*)
 *lib_a-sbrk.o(.rodata .rodata.*)
 *lib_a-srand.o(.rodata .rodata.*)
 *lib_a-strcasecmp.o(.rodata .rodata.*)
 *lib_a-strcasestr.o(.rodata .rodata.*)
 *lib_a-strcat.o(.rodata .rodata.*)
 *lib_a-strchr.o(.rodata .rodata.*)
 *lib_a-strcmp.o(.rodata .rodata.*)
 *lib_a-strcoll.o(.rodata .rodata.*)
 *lib_a-strcpy.o(.rodata .rodata.*)
 *lib_a-strcspn.o(.rodata .rodata.*)
 *lib_a-strdup.o(.rodata .rodata.*)
 *lib_a-strlcat.o(.rodata .rodata.*)
 *lib_a-strlcpy.o(.rodata .rodata.*)
 *lib_a-strlen.o(.rodata .rodata.*)
 *lib_a-strlwr.o(.rodata .rodata.*)
 *lib_a-strncasecmp.o(.rodata .rodata.*)
 *lib_a-strncat.o(.rodata .rodata.*)
 *lib_a-strncmp.o(.rodata .rodata.*)
 *lib_a-strncpy.o(.rodata .rodata.*)
 *lib_a-strndup.o(.rodata .rodata.*)
 *lib_a-strnlen.o(.rodata .rodata.*)
 *lib_a-strrchr.o(.rodata .rodata.*)
 *lib_a-strsep.o(.rodata .rodata.*)
 *lib_a-strspn.o(.rodata .rodata.*)
 *lib_a-strstr.o(.rodata .rodata.*)
 *lib_a-strtok_r.o(.rodata .rodata.*)
 *lib_a-strupr.o(.rodata .rodata.*)
 *lib_a-stdio.o(.rodata .rodata.*)
 *lib_a-syssbrk.o(.rodata .rodata.*)
 *lib_a-sysclose.o(.rodata .rodata.*)
 *lib_a-sysopen.o(.rodata .rodata.*)
 *creat.o(.rodata .rodata.*)
 *lib_a-sysread.o(.rodata .rodata.*)
 *lib_a-syswrite.o(.rodata .rodata.*)
 *lib_a-impure.o(.rodata .rodata.*)
 *lib_a-tzvars.o(.rodata .rodata.*)
 *lib_a-sf_nan.o(.rodata .rodata.*)
 *lib_a-tzcalc_limits.o(.rodata .rodata.*)
 *lib_a-month_lengths.o(.rodata .rodata.*)
 .rodata        0x000000003ffb1174       0x60 /opt/esp/xtensa-esp32-elf/bin/../lib/gcc/xtensa-esp32-elf/5.2.0/../../../../xtensa-esp32-elf/lib/libg.a(lib_a-month_lengths.o)
                0x000000003ffb1174                __month_lengths
 *lib_a-timelocal.o(.rodata .rodata.*)
 *lib_a-findfp.o(.rodata .rodata.*)
 .rodata        0x000000003ffb11d4       0x60 /opt/esp/xtensa-esp32-elf/bin/../lib/gcc/xtensa-esp32-elf/5.2.0/../../../../xtensa-esp32-elf/lib/libg.a(lib_a-findfp.o)
                0x000000003ffb11d4                __sf_fake_stderr
                0x000000003ffb11f4                __sf_fake_stdout
                0x000000003ffb1214                __sf_fake_stdin
 *lock.o(.rodata .rodata.*)
 *lib_a-getenv_r.o(.rodata .rodata.*)
 *isatty.o(.rodata .rodata.*)
 *lib_a-fwalk.o(.rodata .rodata.*)
 *lib_a-getenv_r.o(.rodata .rodata.*)
 *lib_a-tzlock.o(.rodata .rodata.*)
 *lib_a-ctype_.o(.rodata .rodata.*)
 .rodata        0x000000003ffb1234      0x105 /opt/esp/xtensa-esp32-elf/bin/../lib/gcc/xtensa-esp32-elf/5.2.0/../../../../xtensa-esp32-elf/lib/libg.a(lib_a-ctype_.o)
                0x000000003ffb1234                __ctype_ptr__
                0x000000003ffb1238                _ctype_
 *lib_a-sccl.o(.rodata .rodata.*)
 *lib_a-strptime.o(.rodata .rodata.*)
 *lib_a-envlock.o(.rodata .rodata.*)
 *lib_a-raise.o(.rodata .rodata.*)
 *lib_a-strdup_r.o(.rodata .rodata.*)
 *lib_a-system.o(.rodata .rodata.*)
 *lib_a-strndup_r.o(.rodata .rodata.*)
                0x000000003ffb1339                _data_end = ABSOLUTE (.)
                0x000000003ffb133c                . = ALIGN (0x4)
 *fill*         0x000000003ffb1339        0x3 

.dram0.bss      0x000000003ffb133c    0x19b24
                0x000000003ffb1340                . = ALIGN (0x8)
 *fill*         0x000000003ffb133c        0x4 
                0x000000003ffb1340                _bss_start = ABSOLUTE (.)
 *(.dynsbss)
 *(.sbss)
 *(.sbss.*)
 *(.gnu.linkonce.sb.*)
 *(.scommon)
 *(.sbss2)
 *(.sbss2.*)
 *(.gnu.linkonce.sb2.*)
 *(.dynbss)
 *(.bss)
 .bss           0x000000003ffb1340        0x4 /opt/esp/xtensa-esp32-elf/bin/../lib/gcc/xtensa-esp32-elf/5.2.0/../../../../xtensa-esp32-elf/lib/libg.a(lib_a-environ.o)
                0x000000003ffb1340                environ
 .bss           0x000000003ffb1344        0x8 /opt/esp/xtensa-esp32-elf/bin/../lib/gcc/xtensa-esp32-elf/5.2.0/../../../../xtensa-esp32-elf/lib/libg.a(lib_a-findfp.o)
 .bss           0x000000003ffb134c        0x4 /opt/esp/xtensa-esp32-elf/bin/../lib/gcc/xtensa-esp32-elf/5.2.0/../../../../xtensa-esp32-elf/lib/libg.a(lib_a-impure.o)
                0x000000003ffb134c                _global_impure_ptr
 .bss           0x000000003ffb1350       0x34 /opt/esp/xtensa-esp32-elf/bin/../lib/gcc/xtensa-esp32-elf/5.2.0/../../../../xtensa-esp32-elf/lib/libg.a(lib_a-mallocr.o)
                0x000000003ffb1350                __malloc_current_mallinfo
                0x000000003ffb1378                __malloc_max_total_mem
                0x000000003ffb137c                __malloc_max_sbrked_mem
                0x000000003ffb1380                __malloc_top_pad
 .bss           0x000000003ffb1384        0x4 /opt/esp/xtensa-esp32-elf/bin/../lib/gcc/xtensa-esp32-elf/5.2.0/../../../../xtensa-esp32-elf/lib/libg.a(lib_a-mlock.o)
 .bss           0x000000003ffb1388        0x4 /opt/esp/xtensa-esp32-elf/bin/../lib/gcc/xtensa-esp32-elf/5.2.0/../../../../xtensa-esp32-elf/lib/libg.a(lib_a-tzlock.o)
 .bss           0x000000003ffb138c        0x8 /opt/esp/xtensa-esp32-elf/bin/../lib/gcc/xtensa-esp32-elf/5.2.0/../../../../xtensa-esp32-elf/lib/libg.a(lib_a-tzvars.o)
                0x000000003ffb138c                _timezone
                0x000000003ffb1390                _daylight
 .bss           0x000000003ffb1394        0x4 /opt/esp/xtensa-esp32-elf/bin/../lib/gcc/xtensa-esp32-elf/5.2.0/../../../../xtensa-esp32-elf/lib/libg.a(lib_a-__call_atexit.o)
                0x000000003ffb1394                __atexit_lock
 *(.bss.*)
 .bss.runqueue_bitcache
                0x000000003ffb1398        0x4 /data/riotbuild/riotproject/bin/esp32_ttgo_lora_v1/core.a(sched.o)
 .bss.sched_runqueues
                0x000000003ffb139c       0x80 /data/riotbuild/riotproject/bin/esp32_ttgo_lora_v1/core.a(sched.o)
                0x000000003ffb139c                sched_runqueues
 .bss.sched_active_pid
                0x000000003ffb141c        0x2 /data/riotbuild/riotproject/bin/esp32_ttgo_lora_v1/core.a(sched.o)
                0x000000003ffb141c                sched_active_pid
 *fill*         0x000000003ffb141e        0x2 
 .bss.sched_active_thread
                0x000000003ffb1420        0x4 /data/riotbuild/riotproject/bin/esp32_ttgo_lora_v1/core.a(sched.o)
                0x000000003ffb1420                sched_active_thread
 .bss.sched_threads
                0x000000003ffb1424       0x84 /data/riotbuild/riotproject/bin/esp32_ttgo_lora_v1/core.a(sched.o)
                0x000000003ffb1424                sched_threads
 .bss.sched_context_switch_request
                0x000000003ffb14a8        0x4 /data/riotbuild/riotproject/bin/esp32_ttgo_lora_v1/core.a(sched.o)
                0x000000003ffb14a8                sched_context_switch_request
 .bss.sched_num_threads
                0x000000003ffb14ac        0x4 /data/riotbuild/riotproject/bin/esp32_ttgo_lora_v1/core.a(sched.o)
                0x000000003ffb14ac                sched_num_threads
 .bss.s_reent   0x000000003ffb14b0       0xf0 /data/riotbuild/riotproject/bin/esp32_ttgo_lora_v1/cpu.a(syscalls.o)
 .bss._malloc_rmtx
                0x000000003ffb15a0        0x8 /data/riotbuild/riotproject/bin/esp32_ttgo_lora_v1/cpu.a(syscalls.o)
 .bss._printf_buf
                0x000000003ffb15a8      0x100 /data/riotbuild/riotproject/bin/esp32_ttgo_lora_v1/cpu.a(syscalls.o)
                0x000000003ffb15a8                _printf_buf
 .bss.irq_interrupt_nesting
                0x000000003ffb16a8        0x4 /data/riotbuild/riotproject/bin/esp32_ttgo_lora_v1/cpu.a(irq_arch.o)
                0x000000003ffb16a8                irq_interrupt_nesting
 .bss.base_mac_addr
                0x000000003ffb16ac        0x6 /data/riotbuild/riotproject/bin/esp32_ttgo_lora_v1/esp_idf.a(esp_funcs.o)
 *fill*         0x000000003ffb16b2        0x2 
 .bss.s_cur_freq
                0x000000003ffb16b4        0x4 /data/riotbuild/riotproject/bin/esp32_ttgo_lora_v1/esp_idf_soc.a(rtc_clk.o)
 .bss.s_cur_pll
                0x000000003ffb16b8        0x4 /data/riotbuild/riotproject/bin/esp32_ttgo_lora_v1/esp_idf_soc.a(rtc_clk.o)
 .bss._sys_alarm_time
                0x000000003ffb16bc        0x4 /data/riotbuild/riotproject/bin/esp32_ttgo_lora_v1/periph.a(rtc.o)
 .bss._rtc_alarm_arg
                0x000000003ffb16c0        0x4 /data/riotbuild/riotproject/bin/esp32_ttgo_lora_v1/periph.a(rtc.o)
 .bss._rtc_alarm_cb
                0x000000003ffb16c4        0x4 /data/riotbuild/riotproject/bin/esp32_ttgo_lora_v1/periph.a(rtc.o)
 .bss._dac_module_initialized
                0x000000003ffb16c8        0x1 /data/riotbuild/riotproject/bin/esp32_ttgo_lora_v1/periph.a(adc.o)
 .bss._adc_module_initialized
                0x000000003ffb16c9        0x1 /data/riotbuild/riotproject/bin/esp32_ttgo_lora_v1/periph.a(adc.o)
 .bss._adc2_ctrl_initialized
                0x000000003ffb16ca        0x1 /data/riotbuild/riotproject/bin/esp32_ttgo_lora_v1/periph.a(adc.o)
 .bss._adc1_ctrl_initialized
                0x000000003ffb16cb        0x1 /data/riotbuild/riotproject/bin/esp32_ttgo_lora_v1/periph.a(adc.o)
 .bss._rx_buf_mem
                0x000000003ffb16cc       0x40 /data/riotbuild/riotproject/bin/esp32_ttgo_lora_v1/stdio_uart.a(stdio_uart.o)
 .bss.long_list_head
                0x000000003ffb170c        0x4 /data/riotbuild/riotproject/bin/esp32_ttgo_lora_v1/xtimer.a(xtimer_core.o)
 .bss.overflow_list_head
                0x000000003ffb1710        0x4 /data/riotbuild/riotproject/bin/esp32_ttgo_lora_v1/xtimer.a(xtimer_core.o)
 .bss.timer_list_head
                0x000000003ffb1714        0x4 /data/riotbuild/riotproject/bin/esp32_ttgo_lora_v1/xtimer.a(xtimer_core.o)
 .bss._long_cnt
                0x000000003ffb1718        0x4 /data/riotbuild/riotproject/bin/esp32_ttgo_lora_v1/xtimer.a(xtimer_core.o)
 .bss._in_handler
                0x000000003ffb171c        0x4 /data/riotbuild/riotproject/bin/esp32_ttgo_lora_v1/xtimer.a(xtimer_core.o)
 .bss.crashed   0x000000003ffb1720        0x4 /data/riotbuild/riotproject/bin/esp32_ttgo_lora_v1/core.a(panic.o)
 .bss.idle_stack
                0x000000003ffb1724      0x800 /data/riotbuild/riotproject/bin/esp32_ttgo_lora_v1/core.a(kernel_init.o)
 .bss.main_stack
                0x000000003ffb1f24      0xc00 /data/riotbuild/riotproject/bin/esp32_ttgo_lora_v1/core.a(kernel_init.o)
 .bss.periph_spinlock
                0x000000003ffb2b24        0x4 /data/riotbuild/riotproject/bin/esp32_ttgo_lora_v1/esp_idf_driver.a(periph_ctrl.o)
 .bss._pwm_dev  0x000000003ffb2b28       0x80 /data/riotbuild/riotproject/bin/esp32_ttgo_lora_v1/periph.a(pwm.o)
 .bss.timers    0x000000003ffb2ba8       0x24 /data/riotbuild/riotproject/bin/esp32_ttgo_lora_v1/periph.a(timer.o)
 .bss.screen    0x000000003ffb2bcc        0x4 /data/riotbuild/riotproject/bin/esp32_ttgo_lora_v1/application_ttgo_oled_test.a(main.o)
                0x000000003ffb2bcc                screen
 .bss.u8g2      0x000000003ffb2bd0       0x8c /data/riotbuild/riotproject/bin/esp32_ttgo_lora_v1/application_ttgo_oled_test.a(main.o)
                0x000000003ffb2bd0                u8g2
 .bss._random   0x000000003ffb2c5c       0x1c /data/riotbuild/riotproject/bin/esp32_ttgo_lora_v1/random.a(tinymt32.o)
 .bss.buffer$7776
                0x000000003ffb2c78       0xff /data/riotbuild/riotproject/bin/esp32_ttgo_lora_v1/u8g2.a(u8g2_riotos.o)
 .bss.index$7777
                0x000000003ffb2d77        0x1 /data/riotbuild/riotproject/bin/esp32_ttgo_lora_v1/u8g2.a(u8g2_riotos.o)
 .bss.buf$6480  0x000000003ffb2d78        0x8 /data/riotbuild/riotproject/bin/esp32_ttgo_lora_v1/u8g2.a(u8g2_setup.o)
 .bss.buf$2333  0x000000003ffb2d80        0x4 /data/riotbuild/riotproject/bin/esp32_ttgo_lora_v1/u8g2.a(u8x8_d_ssd1322.o)
 .bss.u8x8_ssd1322_to32_dest_buf
                0x000000003ffb2d84       0x20 /data/riotbuild/riotproject/bin/esp32_ttgo_lora_v1/u8g2.a(u8x8_d_ssd1322.o)
 .bss.u8x8_ssd1325_8to32_dest_buf
                0x000000003ffb2da4       0x20 /data/riotbuild/riotproject/bin/esp32_ttgo_lora_v1/u8g2.a(u8x8_d_ssd1325.o)
 .bss.buf$2338  0x000000003ffb2dc4        0x8 /data/riotbuild/riotproject/bin/esp32_ttgo_lora_v1/u8g2.a(u8x8_d_ssd1607_200x200.o)
 .bss.buf$2338  0x000000003ffb2dcc       0x10 /data/riotbuild/riotproject/bin/esp32_ttgo_lora_v1/u8g2.a(u8x8_d_uc1610.o)
 .bss.buf$6492  0x000000003ffb2ddc     0x2d00 /data/riotbuild/riotproject/bin/esp32_ttgo_lora_v1/u8g2.a(u8g2_d_memory.o)
 .bss.buf$6488  0x000000003ffb5adc      0x300 /data/riotbuild/riotproject/bin/esp32_ttgo_lora_v1/u8g2.a(u8g2_d_memory.o)
 .bss.buf$6484  0x000000003ffb5ddc      0x180 /data/riotbuild/riotproject/bin/esp32_ttgo_lora_v1/u8g2.a(u8g2_d_memory.o)
 .bss.buf$6480  0x000000003ffb5f5c       0x20 /data/riotbuild/riotproject/bin/esp32_ttgo_lora_v1/u8g2.a(u8g2_d_memory.o)
 .bss.buf$6476  0x000000003ffb5f7c       0x40 /data/riotbuild/riotproject/bin/esp32_ttgo_lora_v1/u8g2.a(u8g2_d_memory.o)
 .bss.buf$6472  0x000000003ffb5fbc       0x20 /data/riotbuild/riotproject/bin/esp32_ttgo_lora_v1/u8g2.a(u8g2_d_memory.o)
 .bss.buf$6468  0x000000003ffb5fdc     0x2580 /data/riotbuild/riotproject/bin/esp32_ttgo_lora_v1/u8g2.a(u8g2_d_memory.o)
 .bss.buf$6464  0x000000003ffb855c      0x280 /data/riotbuild/riotproject/bin/esp32_ttgo_lora_v1/u8g2.a(u8g2_d_memory.o)
 .bss.buf$6460  0x000000003ffb87dc      0x140 /data/riotbuild/riotproject/bin/esp32_ttgo_lora_v1/u8g2.a(u8g2_d_memory.o)
 .bss.buf$6456  0x000000003ffb891c     0x1280 /data/riotbuild/riotproject/bin/esp32_ttgo_lora_v1/u8g2.a(u8g2_d_memory.o)
 .bss.buf$6452  0x000000003ffb9b9c      0x250 /data/riotbuild/riotproject/bin/esp32_ttgo_lora_v1/u8g2.a(u8g2_d_memory.o)
 .bss.buf$6448  0x000000003ffb9dec      0x128 /data/riotbuild/riotproject/bin/esp32_ttgo_lora_v1/u8g2.a(u8g2_d_memory.o)
 .bss.buf$6444  0x000000003ffb9f14     0x1388 /data/riotbuild/riotproject/bin/esp32_ttgo_lora_v1/u8g2.a(u8g2_d_memory.o)
 .bss.buf$6440  0x000000003ffbb29c      0x190 /data/riotbuild/riotproject/bin/esp32_ttgo_lora_v1/u8g2.a(u8g2_d_memory.o)
 .bss.buf$6436  0x000000003ffbb42c       0xc8 /data/riotbuild/riotproject/bin/esp32_ttgo_lora_v1/u8g2.a(u8g2_d_memory.o)
 .bss.buf$6432  0x000000003ffbb4f4      0x630 /data/riotbuild/riotproject/bin/esp32_ttgo_lora_v1/u8g2.a(u8g2_d_memory.o)
 .bss.buf$6428  0x000000003ffbbb24      0x160 /data/riotbuild/riotproject/bin/esp32_ttgo_lora_v1/u8g2.a(u8g2_d_memory.o)
 .bss.buf$6424  0x000000003ffbbc84       0xb0 /data/riotbuild/riotproject/bin/esp32_ttgo_lora_v1/u8g2.a(u8g2_d_memory.o)
 .bss.buf$6420  0x000000003ffbbd34      0xc80 /data/riotbuild/riotproject/bin/esp32_ttgo_lora_v1/u8g2.a(u8g2_d_memory.o)
 .bss.buf$6416  0x000000003ffbc9b4      0x140 /data/riotbuild/riotproject/bin/esp32_ttgo_lora_v1/u8g2.a(u8g2_d_memory.o)
 .bss.buf$6412  0x000000003ffbcaf4       0xa0 /data/riotbuild/riotproject/bin/esp32_ttgo_lora_v1/u8g2.a(u8g2_d_memory.o)
 .bss.buf$6408  0x000000003ffbcb94      0x640 /data/riotbuild/riotproject/bin/esp32_ttgo_lora_v1/u8g2.a(u8g2_d_memory.o)
 .bss.buf$6404  0x000000003ffbd1d4      0x140 /data/riotbuild/riotproject/bin/esp32_ttgo_lora_v1/u8g2.a(u8g2_d_memory.o)
 .bss.buf$6400  0x000000003ffbd314       0xa0 /data/riotbuild/riotproject/bin/esp32_ttgo_lora_v1/u8g2.a(u8g2_d_memory.o)
 .bss.buf$6396  0x000000003ffbd3b4      0x8f0 /data/riotbuild/riotproject/bin/esp32_ttgo_lora_v1/u8g2.a(u8g2_d_memory.o)
 .bss.buf$6392  0x000000003ffbdca4      0x160 /data/riotbuild/riotproject/bin/esp32_ttgo_lora_v1/u8g2.a(u8g2_d_memory.o)
 .bss.buf$6388  0x000000003ffbde04       0xb0 /data/riotbuild/riotproject/bin/esp32_ttgo_lora_v1/u8g2.a(u8g2_d_memory.o)
 .bss.buf$6384  0x000000003ffbdeb4      0x800 /data/riotbuild/riotproject/bin/esp32_ttgo_lora_v1/u8g2.a(u8g2_d_memory.o)
 .bss.buf$6380  0x000000003ffbe6b4      0x200 /data/riotbuild/riotproject/bin/esp32_ttgo_lora_v1/u8g2.a(u8g2_d_memory.o)
 .bss.buf$6376  0x000000003ffbe8b4      0x100 /data/riotbuild/riotproject/bin/esp32_ttgo_lora_v1/u8g2.a(u8g2_d_memory.o)
 .bss.buf$6372  0x000000003ffbe9b4     0x1000 /data/riotbuild/riotproject/bin/esp32_ttgo_lora_v1/u8g2.a(u8g2_d_memory.o)
 .bss.buf$6368  0x000000003ffbf9b4      0x200 /data/riotbuild/riotproject/bin/esp32_ttgo_lora_v1/u8g2.a(u8g2_d_memory.o)
 .bss.buf$6364  0x000000003ffbfbb4      0x100 /data/riotbuild/riotproject/bin/esp32_ttgo_lora_v1/u8g2.a(u8g2_d_memory.o)
 .bss.buf$6360  0x000000003ffbfcb4      0x440 /data/riotbuild/riotproject/bin/esp32_ttgo_lora_v1/u8g2.a(u8g2_d_memory.o)
 .bss.buf$6356  0x000000003ffc00f4      0x110 /data/riotbuild/riotproject/bin/esp32_ttgo_lora_v1/u8g2.a(u8g2_d_memory.o)
 .bss.buf$6352  0x000000003ffc0204       0x88 /data/riotbuild/riotproject/bin/esp32_ttgo_lora_v1/u8g2.a(u8g2_d_memory.o)
 .bss.buf$6348  0x000000003ffc028c      0x220 /data/riotbuild/riotproject/bin/esp32_ttgo_lora_v1/u8g2.a(u8g2_d_memory.o)
 .bss.buf$6344  0x000000003ffc04ac      0x110 /data/riotbuild/riotproject/bin/esp32_ttgo_lora_v1/u8g2.a(u8g2_d_memory.o)
 .bss.buf$6340  0x000000003ffc05bc       0x88 /data/riotbuild/riotproject/bin/esp32_ttgo_lora_v1/u8g2.a(u8g2_d_memory.o)
 .bss.buf$6336  0x000000003ffc0644     0x12c0 /data/riotbuild/riotproject/bin/esp32_ttgo_lora_v1/u8g2.a(u8g2_d_memory.o)
 .bss.buf$6332  0x000000003ffc1904      0x1e0 /data/riotbuild/riotproject/bin/esp32_ttgo_lora_v1/u8g2.a(u8g2_d_memory.o)
 .bss.buf$6328  0x000000003ffc1ae4       0xf0 /data/riotbuild/riotproject/bin/esp32_ttgo_lora_v1/u8g2.a(u8g2_d_memory.o)
 .bss.buf$6324  0x000000003ffc1bd4      0x820 /data/riotbuild/riotproject/bin/esp32_ttgo_lora_v1/u8g2.a(u8g2_d_memory.o)
 .bss.buf$6320  0x000000003ffc23f4      0x140 /data/riotbuild/riotproject/bin/esp32_ttgo_lora_v1/u8g2.a(u8g2_d_memory.o)
 .bss.buf$6316  0x000000003ffc2534       0xa0 /data/riotbuild/riotproject/bin/esp32_ttgo_lora_v1/u8g2.a(u8g2_d_memory.o)
 .bss.buf$6312  0x000000003ffc25d4      0xa00 /data/riotbuild/riotproject/bin/esp32_ttgo_lora_v1/u8g2.a(u8g2_d_memory.o)
 .bss.buf$6308  0x000000003ffc2fd4      0x140 /data/riotbuild/riotproject/bin/esp32_ttgo_lora_v1/u8g2.a(u8g2_d_memory.o)
 .bss.buf$6304  0x000000003ffc3114       0xa0 /data/riotbuild/riotproject/bin/esp32_ttgo_lora_v1/u8g2.a(u8g2_d_memory.o)
 .bss.buf$6300  0x000000003ffc31b4      0xf00 /data/riotbuild/riotproject/bin/esp32_ttgo_lora_v1/u8g2.a(u8g2_d_memory.o)
 .bss.buf$6296  0x000000003ffc40b4      0x1e0 /data/riotbuild/riotproject/bin/esp32_ttgo_lora_v1/u8g2.a(u8g2_d_memory.o)
 .bss.buf$6292  0x000000003ffc4294       0xf0 /data/riotbuild/riotproject/bin/esp32_ttgo_lora_v1/u8g2.a(u8g2_d_memory.o)
 .bss.buf$6288  0x000000003ffc4384      0xe10 /data/riotbuild/riotproject/bin/esp32_ttgo_lora_v1/u8g2.a(u8g2_d_memory.o)
 .bss.buf$6284  0x000000003ffc5194      0x1e0 /data/riotbuild/riotproject/bin/esp32_ttgo_lora_v1/u8g2.a(u8g2_d_memory.o)
 .bss.buf$6280  0x000000003ffc5374       0xf0 /data/riotbuild/riotproject/bin/esp32_ttgo_lora_v1/u8g2.a(u8g2_d_memory.o)
 .bss.buf$6276  0x000000003ffc5464      0x780 /data/riotbuild/riotproject/bin/esp32_ttgo_lora_v1/u8g2.a(u8g2_d_memory.o)
 .bss.buf$6272  0x000000003ffc5be4      0x1e0 /data/riotbuild/riotproject/bin/esp32_ttgo_lora_v1/u8g2.a(u8g2_d_memory.o)
 .bss.buf$6268  0x000000003ffc5dc4       0xf0 /data/riotbuild/riotproject/bin/esp32_ttgo_lora_v1/u8g2.a(u8g2_d_memory.o)
 .bss.buf$6264  0x000000003ffc5eb4      0x600 /data/riotbuild/riotproject/bin/esp32_ttgo_lora_v1/u8g2.a(u8g2_d_memory.o)
 .bss.buf$6260  0x000000003ffc64b4      0x180 /data/riotbuild/riotproject/bin/esp32_ttgo_lora_v1/u8g2.a(u8g2_d_memory.o)
 .bss.buf$6256  0x000000003ffc6634       0xc0 /data/riotbuild/riotproject/bin/esp32_ttgo_lora_v1/u8g2.a(u8g2_d_memory.o)
 .bss.buf$6252  0x000000003ffc66f4      0x360 /data/riotbuild/riotproject/bin/esp32_ttgo_lora_v1/u8g2.a(u8g2_d_memory.o)
 .bss.buf$6248  0x000000003ffc6a54       0xc0 /data/riotbuild/riotproject/bin/esp32_ttgo_lora_v1/u8g2.a(u8g2_d_memory.o)
 .bss.buf$6244  0x000000003ffc6b14       0x60 /data/riotbuild/riotproject/bin/esp32_ttgo_lora_v1/u8g2.a(u8g2_d_memory.o)
 .bss.buf$6240  0x000000003ffc6b74      0x210 /data/riotbuild/riotproject/bin/esp32_ttgo_lora_v1/u8g2.a(u8g2_d_memory.o)
 .bss.buf$6236  0x000000003ffc6d84       0xb0 /data/riotbuild/riotproject/bin/esp32_ttgo_lora_v1/u8g2.a(u8g2_d_memory.o)
 .bss.buf$6232  0x000000003ffc6e34       0x58 /data/riotbuild/riotproject/bin/esp32_ttgo_lora_v1/u8g2.a(u8g2_d_memory.o)
 .bss.buf$6228  0x000000003ffc6e8c      0x340 /data/riotbuild/riotproject/bin/esp32_ttgo_lora_v1/u8g2.a(u8g2_d_memory.o)
 .bss.buf$6224  0x000000003ffc71cc       0xd0 /data/riotbuild/riotproject/bin/esp32_ttgo_lora_v1/u8g2.a(u8g2_d_memory.o)
 .bss.buf$6220  0x000000003ffc729c       0x68 /data/riotbuild/riotproject/bin/esp32_ttgo_lora_v1/u8g2.a(u8g2_d_memory.o)
 .bss.buf$6216  0x000000003ffc7304      0x300 /data/riotbuild/riotproject/bin/esp32_ttgo_lora_v1/u8g2.a(u8g2_d_memory.o)
 .bss.buf$6212  0x000000003ffc7604      0x180 /data/riotbuild/riotproject/bin/esp32_ttgo_lora_v1/u8g2.a(u8g2_d_memory.o)
 .bss.buf$6208  0x000000003ffc7784       0xc0 /data/riotbuild/riotproject/bin/esp32_ttgo_lora_v1/u8g2.a(u8g2_d_memory.o)
 .bss.buf$6204  0x000000003ffc7844      0x600 /data/riotbuild/riotproject/bin/esp32_ttgo_lora_v1/u8g2.a(u8g2_d_memory.o)
 .bss.buf$6200  0x000000003ffc7e44      0x100 /data/riotbuild/riotproject/bin/esp32_ttgo_lora_v1/u8g2.a(u8g2_d_memory.o)
 .bss.buf$6196  0x000000003ffc7f44       0x80 /data/riotbuild/riotproject/bin/esp32_ttgo_lora_v1/u8g2.a(u8g2_d_memory.o)
 .bss.buf$6192  0x000000003ffc7fc4      0x400 /data/riotbuild/riotproject/bin/esp32_ttgo_lora_v1/u8g2.a(u8g2_d_memory.o)
 .bss.buf$6188  0x000000003ffc83c4      0x200 /data/riotbuild/riotproject/bin/esp32_ttgo_lora_v1/u8g2.a(u8g2_d_memory.o)
 .bss.buf$6184  0x000000003ffc85c4      0x100 /data/riotbuild/riotproject/bin/esp32_ttgo_lora_v1/u8g2.a(u8g2_d_memory.o)
 .bss.buf$6180  0x000000003ffc86c4       0xc0 /data/riotbuild/riotproject/bin/esp32_ttgo_lora_v1/u8g2.a(u8g2_d_memory.o)
 .bss.buf$6176  0x000000003ffc8784       0xc0 /data/riotbuild/riotproject/bin/esp32_ttgo_lora_v1/u8g2.a(u8g2_d_memory.o)
 .bss.buf$6172  0x000000003ffc8844       0x60 /data/riotbuild/riotproject/bin/esp32_ttgo_lora_v1/u8g2.a(u8g2_d_memory.o)
 .bss.buf$6168  0x000000003ffc88a4      0x100 /data/riotbuild/riotproject/bin/esp32_ttgo_lora_v1/u8g2.a(u8g2_d_memory.o)
 .bss.buf$6164  0x000000003ffc89a4       0x80 /data/riotbuild/riotproject/bin/esp32_ttgo_lora_v1/u8g2.a(u8g2_d_memory.o)
 .bss.buf$6160  0x000000003ffc8a24       0x40 /data/riotbuild/riotproject/bin/esp32_ttgo_lora_v1/u8g2.a(u8g2_d_memory.o)
 .bss.buf$6156  0x000000003ffc8a64      0x180 /data/riotbuild/riotproject/bin/esp32_ttgo_lora_v1/u8g2.a(u8g2_d_memory.o)
 .bss.buf$6152  0x000000003ffc8be4       0x60 /data/riotbuild/riotproject/bin/esp32_ttgo_lora_v1/u8g2.a(u8g2_d_memory.o)
 .bss.buf$6148  0x000000003ffc8c44       0x30 /data/riotbuild/riotproject/bin/esp32_ttgo_lora_v1/u8g2.a(u8g2_d_memory.o)
 .bss.buf$6144  0x000000003ffc8c74      0x180 /data/riotbuild/riotproject/bin/esp32_ttgo_lora_v1/u8g2.a(u8g2_d_memory.o)
 .bss.buf$6140  0x000000003ffc8df4       0x80 /data/riotbuild/riotproject/bin/esp32_ttgo_lora_v1/u8g2.a(u8g2_d_memory.o)
 .bss.buf$6136  0x000000003ffc8e74       0x40 /data/riotbuild/riotproject/bin/esp32_ttgo_lora_v1/u8g2.a(u8g2_d_memory.o)
 .bss.buf$6132  0x000000003ffc8eb4      0x800 /data/riotbuild/riotproject/bin/esp32_ttgo_lora_v1/u8g2.a(u8g2_d_memory.o)
 .bss.buf$6128  0x000000003ffc96b4      0x100 /data/riotbuild/riotproject/bin/esp32_ttgo_lora_v1/u8g2.a(u8g2_d_memory.o)
 .bss.buf$6124  0x000000003ffc97b4       0x80 /data/riotbuild/riotproject/bin/esp32_ttgo_lora_v1/u8g2.a(u8g2_d_memory.o)
 .bss.buf$6120  0x000000003ffc9834      0x480 /data/riotbuild/riotproject/bin/esp32_ttgo_lora_v1/u8g2.a(u8g2_d_memory.o)
 .bss.buf$6116  0x000000003ffc9cb4       0xc0 /data/riotbuild/riotproject/bin/esp32_ttgo_lora_v1/u8g2.a(u8g2_d_memory.o)
 .bss.buf$6112  0x000000003ffc9d74       0x60 /data/riotbuild/riotproject/bin/esp32_ttgo_lora_v1/u8g2.a(u8g2_d_memory.o)
 .bss.buf$6108  0x000000003ffc9dd4      0x400 /data/riotbuild/riotproject/bin/esp32_ttgo_lora_v1/u8g2.a(u8g2_d_memory.o)
 .bss.buf$6104  0x000000003ffca1d4       0x80 /data/riotbuild/riotproject/bin/esp32_ttgo_lora_v1/u8g2.a(u8g2_d_memory.o)
 .bss.buf$6100  0x000000003ffca254       0x40 /data/riotbuild/riotproject/bin/esp32_ttgo_lora_v1/u8g2.a(u8g2_d_memory.o)
 .bss.buf$6096  0x000000003ffca294      0x168 /data/riotbuild/riotproject/bin/esp32_ttgo_lora_v1/u8g2.a(u8g2_d_memory.o)
 .bss.buf$6092  0x000000003ffca3fc       0x90 /data/riotbuild/riotproject/bin/esp32_ttgo_lora_v1/u8g2.a(u8g2_d_memory.o)
 .bss.buf$6088  0x000000003ffca48c       0x48 /data/riotbuild/riotproject/bin/esp32_ttgo_lora_v1/u8g2.a(u8g2_d_memory.o)
 .bss.buf$6084  0x000000003ffca4d4      0x400 /data/riotbuild/riotproject/bin/esp32_ttgo_lora_v1/u8g2.a(u8g2_d_memory.o)
 .bss.buf$6080  0x000000003ffca8d4      0x100 /data/riotbuild/riotproject/bin/esp32_ttgo_lora_v1/u8g2.a(u8g2_d_memory.o)
 .bss.buf$6076  0x000000003ffca9d4       0x80 /data/riotbuild/riotproject/bin/esp32_ttgo_lora_v1/u8g2.a(u8g2_d_memory.o)
 .bss.buf$6072  0x000000003ffcaa54      0x200 /data/riotbuild/riotproject/bin/esp32_ttgo_lora_v1/u8g2.a(u8g2_d_memory.o)
 .bss.buf$6068  0x000000003ffcac54      0x100 /data/riotbuild/riotproject/bin/esp32_ttgo_lora_v1/u8g2.a(u8g2_d_memory.o)
 .bss.buf$6064  0x000000003ffcad54       0x80 /data/riotbuild/riotproject/bin/esp32_ttgo_lora_v1/u8g2.a(u8g2_d_memory.o)
 .bss.buf$2334  0x000000003ffcadd4       0x10 /data/riotbuild/riotproject/bin/esp32_ttgo_lora_v1/u8g2.a(u8x8_d_ssd1606_172x72.o)
 .bss.u8x8_ssd1326_8to32_dest_buf
                0x000000003ffcade4       0x20 /data/riotbuild/riotproject/bin/esp32_ttgo_lora_v1/u8g2.a(u8x8_d_ssd1326.o)
 .bss.buf$2334  0x000000003ffcae04        0x8 /data/riotbuild/riotproject/bin/esp32_ttgo_lora_v1/u8g2.a(u8x8_d_il3820_296x128.o)
 .bss.in_transfer$2536
                0x000000003ffcae0c        0x1 /data/riotbuild/riotproject/bin/esp32_ttgo_lora_v1/u8g2.a(u8x8_cad.o)
 .bss.in_transfer$2517
                0x000000003ffcae0d        0x1 /data/riotbuild/riotproject/bin/esp32_ttgo_lora_v1/u8g2.a(u8x8_cad.o)
 .bss.buf$2448  0x000000003ffcae0e       0x10 /data/riotbuild/riotproject/bin/esp32_ttgo_lora_v1/u8g2.a(u8x8_cad.o)
 .bss.u8x8_ssd1327_8to32_dest_buf
                0x000000003ffcae1e       0x20 /data/riotbuild/riotproject/bin/esp32_ttgo_lora_v1/u8g2.a(u8x8_d_ssd1327.o)
 .bss.u8x8_ssd1329_8to32_dest_buf
                0x000000003ffcae3e       0x20 /data/riotbuild/riotproject/bin/esp32_ttgo_lora_v1/u8g2.a(u8x8_d_ssd1329.o)
 .bss.enable_pin$2486
                0x000000003ffcae5e        0x1 /data/riotbuild/riotproject/bin/esp32_ttgo_lora_v1/u8g2.a(u8x8_byte.o)
 .bss.last_dc$2437
                0x000000003ffcae5f        0x1 /data/riotbuild/riotproject/bin/esp32_ttgo_lora_v1/u8g2.a(u8x8_byte.o)
 *(.share.mem)
 *(.gnu.linkonce.b.*)
 *(COMMON)
                0x000000003ffcae60                . = ALIGN (0x8)
                0x000000003ffcae60                _bss_end = ABSOLUTE (.)
                0x000000003ffcae60                _heap_start = ABSOLUTE (.)
                0x000000003ffcae60                _sheap = ABSOLUTE (.)
                0x000000003ffe0000                . = 0x3ffe0000
                0x000000003ffe0000                _heap_top = ABSOLUTE (.)
                0x000000003ffe0000                _eheap = ABSOLUTE (.)

.flash.rodata   0x000000003f400020     0x5168
                0x000000003f400020                _rodata_start = ABSOLUTE (.)
 *(.rodata)
 .rodata        0x000000003f400020       0x18 /data/riotbuild/riotproject/bin/esp32_ttgo_lora_v1/cpu.a(startup.o)
 .rodata        0x000000003f400038        0x8 /data/riotbuild/riotproject/bin/esp32_ttgo_lora_v1/esp_idf.a(esp_funcs.o)
 .rodata        0x000000003f400040        0x4 /data/riotbuild/riotproject/bin/esp32_ttgo_lora_v1/esp_idf_esp32.a(clk.o)
 .rodata        0x000000003f400044       0x78 /data/riotbuild/riotproject/bin/esp32_ttgo_lora_v1/esp_idf_soc.a(rtc_clk.o)
 .rodata        0x000000003f4000bc       0x90 /data/riotbuild/riotproject/bin/esp32_ttgo_lora_v1/periph.a(adc.o)
 .rodata        0x000000003f40014c        0x2 /data/riotbuild/riotproject/bin/esp32_ttgo_lora_v1/ps.a(ps.o)
 *fill*         0x000000003f40014e        0x2 
 .rodata        0x000000003f400150       0x64 /data/riotbuild/riotproject/bin/esp32_ttgo_lora_v1/xtensa.a(xtensa_vectors.o)
                0x000000003f400190                _xt_coproc_sa_offset